[   0.000000 Itiliznggrup ubs puset[  0.0000Initialiincgroup sbs cu
[   00000 Itiliznggroup subsys cpuacct
[    0.000000] Linux version 4.4.0-145-generic (buildd@lcy01-amd64-027) (gcc version 5.4.0 20160609 (Ubuntu 5.4.0-6ubuntu1~16.04.10) ) #171-Ubuntu SMP Tue Mar 26 12:43:40 UTC 2019 (Ubuntu 4.4.0-145.171-generic 4.4.176)
[    0.000000] Command line: BOOT_IMAGE=/boot/vmlinuz-4.4.0-145-generic root=LABEL=cloudimg-rootfs ro console=tty1 console=ttyS0
[    0.000000] KERNEL supported cpus:
[    0.000000]   Intel GenuineIntel
[    0.000000]   AMD AuthenticAMD
[    0.000000]   Centaur CentaurHauls
[    0.000000] x86/fpu: xstate_offset[2]:  576, xstate_sizes[2]:  256
[    0.000000] x86/fpu: Supporting XSAVE feature 0x01: 'x87 floating point registers'
[    0.000000] x86/fpu: Supporting XSAVE feature 0x02: 'SSE registers'
[    0.000000] x86/fpu: Supporting XSAVE feature 0x04: 'AVX registers'
[    0.000000] x86/fpu: Enabled xstate features 0x7, context size is 832 bytes, using 'standard' format.
[    0.000000] e820: BIOS-provided physical RAM map:
[    0.000000] BIOS-e820: [mem 0x0000000000000000-0x000000000009fbff] usable
[    0.000000] BIOS-e820: [mem 0x000000000009fc00-0x000000000009ffff] reserved
[    0.000000] BIOS-e820: [mem 0x00000000000f0000-0x00000000000fffff] reserved
[    0.000000] BIOS-e820: [mem 0x0000000000100000-0x00000003ffeffff] usable
[    0.000000] BIOS-e820: [mem 0x000000003fff0000-0x000000003fffff] ACPI data
[    0.000000] BIOS-e820: [mem 0x00000000fec00000-0x00000000fec00fff] reserved
[    0.000000] BIOS-e820: [mem 0x00000000fee00000-0x00000000fee00fff] reserved
[    0.000000] BIOS-e820: [mem 0x00000000fffc0000-0x00000000ffffffff] reserved
[    0.000000] NX (Execute Disable) protection: active
[    0.000000] SMBIOS 2.5 present.
[    0.000000] Hypervisor detected: KVM
[    0.000000] Kernel/User page tables isolation: disabled
[    0.000000] e820: last_pfn = 0x3fff0 max_arch_pfn = 0x400000000
[    0.000000] MTRR: Disabled
[    0.000000] x86/PAT: MTRRs disabled, skipping PAT initialization too.
[    0.000000] CPU MTRRs all blank - virtualized system.
[    0.000000] x86/PAT: Configuration [0-7]: WB  WT  UC- UC  WB  WT  UC- UC  
[    0.000000] found SMP MP-table at [mem 0x0009fff0-0x0009ffff] mapped at [ffff88000009fff0]
[    0.000000] Scanning 1 areas for low memory corruption
[    0.000000] RAMDISK: [mem 0x362fa000-0x37174fff]
[    0.000000] ACPI: Early table checksum verification disabled
[    0.000000] ACPI: RSDP 0x00000000000E0000 000024 (v02 VBOX  )
[    0.000000] ACPI: XSDT 0x000000003FFF0030 00003C (v01 VBOX   VBOXXSDT 00000001 ASL  00000061)
[    0.000000] ACPI: FACP 0x000000003FFF00F0 0000F4 (v04 VBOX   VBOXFACP 00000001 ASL  00000061)
[    0.000000] ACPI: DSDT 0x000000003FFF0470 0021FF (v02 VBOX   VBOXBIOS 00000002 INTL 20180105)
[    0.000000] ACPI: FACS 0x000000003FFF0200 000040
[    0.000000] ACPI: FACS 0x000000003FFF0200 000040
[    0.000000] ACPI: APIC 0x000000003FFF0240 00005C (v02 VBOX   VBOXAPIC 00000001 ASL  00000061)
[    0.000000] ACPI SSDT 0x000000003FFF02A0 0001CC (v01 VBOX   VBOXCPUT 00000002 INTL 20180105)
[    0.000000] No NUMA configuration found
[    0.000000] Faking a node at [mem 0x0000000000000000-0x000000003ffeffff]
[    0.000000] NODE_DATA(0) allocated [mem 0x3ffeb000-0x3ffeffff]
[    0.000000] kvm-clock: Using msrs 4b564d01 and 4b564d00
[    0.000000] kvm-clock: cpu 0, msr 0:3ffe3001, primary cpu clock
[    0.000000] kvm-clock: using sched offset of 3980798041 cycles
[    0.000000] clocksource: kvm-clock: mask: 0xffffffffffffffff max_cycles: 0x1cd42e4dffb, max_idle_ns: 881590591483 ns
[    0.000000] Zone ranges:
[    0.000000]   DA      [mem 0x0000000000001000-0x0000000000ffffff]
[    0.000000]   DMA32    [mem 0x0000000001000000-0x000000003ffeffff]
[    0.000000]   Normal   empty
[    0.000000]   Device   empty
[    0.000000] Movable zone start for each node
[    0.000000] Early memory node ranges
[    0.000000]   node   0: [mem 0x0000000000001000-0x000000000009efff]
[    0.000000]   node   0: [mem 0x0000000000100000-0x000000003ffeffff]
[    0.000000] Initmem setup node 0 [mem 0x0000000000001000-0x000000003ffeffff]
[    0.000000] ACPI: PM-Timer IO Port: 0x4008
[    0.000000] IOAPIC[0]: apic_id 2, version 32, address 0xfec00000 GSI 0-23
[    0.000000] ACPI: INT_SRC_OVR (bus 0 bus_irq 0 global_irq 2 dfl dfl)
[    0.000000] ACPI: INT_SRC_OVR (bus 0 bus_irq 9 global_irq 9 low level)
[    0.000000] Using ACPI (MADT) for SMP configuration information
[    0.000000] smpboot: Allowing 2 CPUs, 0 hotplug CPUs
[    0.000000] PM: Registered nosave memory: [mem 0x00000000-0x00000fff]
[    0.000000] PM: Registered nosave memory: [mem 0x0009f000-0x0009ffff]
[    0.000000] PM: Registered nosave memory: [mem 0x000a0000-0x000effff]
[    0.000000] PM: Registered nosave memory: [mem 0x000f0000-0x000fffff]
[    0.000000] e820: [mem 0x40000000-0xfebfffff] available for PCI devices
[    0.000000] Booting paravirtualized kernel on KVM
[    0.000000] clocksource: refined-jiffies: mask: 0xffffffff max_cycles: 0xffffffff, max_idle_ns: 7645519600211568 ns
[    0.000000] setup_percpu: NR_CPUS:512 nr_cpumask_bits:512 nr_cpu_ids:2 nr_node_ids:1
[    0.000000] PERCPU: Embedded 34 pages/cpu @ffff88003fc00000 s99480 r8192 d31592 u1048576
[    0.000000] Bilt 1 zonelists in Node order, mobility grouping on.  Total pages: 257912
[    0.000000] Policy zone: DMA32
[    0.000000] Kernel command line: BOOT_IMAGE=/boot/vmlinuz-4.4.0-145-generic root=LABEL=cloudimg-rootfs ro console=tty1 console=ttyS0
[    0.000000] PID hash table entries: 4096 (order: 3, 32768 bytes)
[    0.000000] Memory: 997732K/1048120K available (8608K kernel code, 1333K rwdata, 4008K rodata, 1484K init, 1284K bss, 50388K reserved, 0K cma-reserved)
[    0.000000] SLUB: HWalign=64, Order=0-3, MinObjects=0, CPUs=2, Nodes=1
[    0.000000] Hierarchical RCU implementation.
[    0.000000] 	Build-time adjustment of leaf fanout to 64.
[    0.000000] 	RCU restricting CPUs from NR_CPUS=512 to nr_cpu_ids=2.
[    0.000000] RCU: Adjusting geometry for rcu_fanout_leaf=64, nr_cpu_ids=2
[    0.000000] NR_IRQS:33024 nr_irqs:440 16
[    0.000000] Console: colour VGA+ 80x25
[    0.000000] console [tty1] enabled
[    0.000000] console [ttyS0] enabled
[    0.000000] tsc: Detected 2495.314 MHz processor
[    0.000000] tsc: Marking TSC unstable due to TSCs unsynchronized
[    0.004000] Calibrating delay loop (skipped) preset value.. 4990.62 BogoMIPS (lpj=9981256)
[    0.004000] pid_max: default: 32768 minimum: 301
[    0.004000] ACPI: Core revision 20150930
[    0.004000] ACPI: 2 ACPI AML tables successfully acquired and loaded
[    0.004000] Security Framework initialized
[    0.004000] Yama: becoming mindful.
[    0.004029] AppArmor: AppArmor initialized
[    0.005054] Dentry cache hash table entries: 131072 (order: 8, 1048576 bytes)
[    0.006845] Inode-cache hash table entries: 65536 (order: 7, 524288 bytes)
[    0.009007] Mount-cache hash table entries: 2048 (order: 2, 16384 bytes)
[    0.012010] Mountpoint-cache hash table entries: 2048 (order: 2, 16384 bytes)
[    0.013438] Initializing cgroup subsys io
[    0.014271] Initializing cgroup subsys memory
[    0.016013] Initializing cgroup subsys devices
[    0.017040] Initializing cgroup subsys freezer
[    0.017899] Initializing cgroup subsys net_cls
[    0.018725] Initializing cgroup subsys perf_event
[    0.019671] Initializing cgroup subsys net_prio
[    0.020007] Initializing cgroup subsys hugetlb
[    0.020863] Initializing cgroup subsys pids
[    0.069985] mce: CPU supports 0 MCE banks
[    0.070793] Last level iTLB entries: 4KB 512, 2MB 1024, 4MB 512
[    0.072004] Last level dTLB entries: 4KB 1024, 2MB 1024, 4MB 512, 1GB 0
[    0.073096] Spectre V2 : Spectre mitigation: LFENCE not serializing. Switching to generic retpoline
[    0.074660] Spectre V2 : Mitigation: Full generic retpoline
[    0.076003] Spectre V2 : Spectre v2 / SpectreRSB mitigation: Filling RSB on context switch
[    0.077622] Speculative Store Bypass: Mitigation: Speculative Store Bypass disabled via prctl and seccomp
[    0.082271] Freeing SMP alternatives memory: 36K
[    0.089778] ftrace: allocating 32283 entries in 127 pages
[    0.120168] smpboot: APIC(0) Converting physical 0 to logical package 0
[    0.124006] smpboot: Max logical packages: 1
[    0.125126] x2apic enabled
[    0.126002] Switched APIC routing to physical x2apic.
[    0.129285] ..TIMER: vector=0x30 apic1=0 pin1=2 apic2=-1 pin2=-1
[    0.136000] smpboot: CPU0: AMD A10-9620P RADEON R5, 10 COMPUTE CORES 4C+6G (family: 0x15, model: 0x65, stepping: 0x1)
[    0.148018] Performance Events: Broken PMU hardware detected, using software events only.
[    0.156006] Failed to access perfctr msr (MSR c0010007 is 0)
[    0.173318] KVM setup paravirtual spinlock
[    0.177961] x86: Booting SMP configuration:
[    0.180016] .... node  #0, CPUs:      #1
[    0.004000] kvm-clock: cpu 1, msr 0:3ffe3041, secondary cpu clock
[    0.004000] mce: CPU supports 0 MCE banks
[    0.233782] x86: Booted up 1 node, 2 CPUs
[    0.234914] smpboot: Total of 2 processors activated (9981.25 BogoMIPS)
[    0.236446] devtmpfs: initialized
[    0.242318] evm: security.selinux
[    0.243132] evm: security.SMACK64
[    0.244003] evm: security.SMACK64EXEC
[    0.246236] evm: security.SMACK64TRANSMUTE
[    0.247015] evm: security.SMACK64MMAP
[    0.248002] evm: security.ima
[    0.248810] evm: security.capability
[    0.249794] clocksource: jiffies: mask: 0xffffffff max_cycles: 0xffffffff, max_idle_ns: 7645041785100000 ns
[    0.252026] futex hash table entries: 512 (order: 3, 32768 bytes)
[    0.253457] pinctrl core: initialized pinctrl subsystem
[    0.254669] RTC time: 21:28:14, date: 06/04/19
[    0.257684] NET: Registered protocol family 16
[    0.268043] cpuidle: using governor ladder
[    0.280046] cpuidle: using governor menu
[    0.284060] PCCT header not found.
[    0.288624] ACPI: bus type PCI registered
[    0.292006] acpiphp: ACPI Hot Plug PCI Controller Driver version: 0.5
[    0.296145] PCI: Using configuration type 1 for base access
[    0.300005] PCI: Using configuration type 1 for extended access
[    0.316276] ACPI: Added _OSI(Module Device)
[    0.324023] ACPI: Added _OSI(Processor Device)
[    0.325341] ACPI: Added _OSI(3.0 _SCP Extensions)
[    0.326468] ACPI: Added _OSI(Processor Aggregator Device)
[    0.328440] ACPI: Executed 1 blocks of module-level executable AML code
[    0.332000] ACPI: Interpreter enabled
[    0.332000] ACPI: (supports S0 S5)
[    0.332005] ACPI: Using IOAPIC for interrupt routing
[    0.333032] PCI: Using host bridge windows from ACPI; if necessary, use "pci=nocrs" and report a bug
[    0.341104] ACPI: PCI Root Bridge [PCI0] (domain 0000 [bus 00-ff])
[    0.342392] acpi PNP0A03:00: _OSC: OS supports [ExtendedConfig ASPM ClockPM Segments MSI]
[    0.344014] acpi PNP0A03:00: _OSC: OS now controls [PCIeHotplug PME AER PCIeCapability]
[    0.346065] PCI host bridge to bus 0000:00
[    0.346973] pci_bus 0000:00: root bus resource [io  0x0000-0x0cf7 window]
[    0.348000] pci_bus 0000:00: root bus resource [io  0x0d00-0xffff window]
[    0.348004] pci_bus 0000:00: root bus resource [mem 0x000a0000-0x000bffff window]
[    0.349617] pci_bus 0000:00: root bus resource [mem 0x40000000-0xfdffffff window]
[    0.352003] pci_bus 0000:00: root bus resource [bus 00-ff]
[    0.354446] pci 0000:00:01.1: legacy IDE quirk: reg 0x10: [io  0x01f0-0x01f7]
[    0.356004] pci 0000:00:01.1: legacy IDE quirk: reg 0x14: [io  0x03f6]
[    0.364003] pci 0000:00:01.1: legacy IDE quirk: reg 0x18: [io  0x0170-0x0177]
[    0.365360] pci 0000:00:01.1: legacy IDE quirk: reg 0x1c: [io  0x0376]
[    0.406314] pci 0000:00:07.0: quirk: [io  0x4000-0x403f] claimed by PIIX4 ACPI
[    0.408034] pci 0000:00:07.0: quirk: [io  0x4100-0x410f] claimed by PIIX4 SMB
[    0.426107] ACPI: PCI Interrupt Link [LNKA] (IRQs 5 9 10 *11)
[    0.433073] ACPI: PCI Interrupt Link [LNKB] (IRQs 5 9 *10 11)
[    0.436110] ACPI: PCI Interrupt Link [LNKC] (IRQs 5 *9 10 11)
[    0.437632] ACPI: PCI Interrupt Link [LNKD] (IRQs 5 9 10 *11)
[    0.440118] ACPI: Enabled 2 GPEs in block 00 to 07
[    0.444104] vgaarb: setting as boot device: PCI:0000:00:02.0
[    0.445181] vgaarb: device added: PCI:0000:00:02.0,decodes=io+mem,owns=io+mem,locks=none
[    0.445181] vgaarb: loaded
[    0.445181] vgaarb: bridge control possible 0000:00:02.0
[    0.445994] SCSI subsystem initialized
[    0.448143] ACPI: bus type USB registered
[    0.450479] usbcore: registered new interface driver usbfs
[    0.451432] usbcore: registered new interface driver hub
[    0.452023] usbcore: registered new device driver usb
[    0.456007] PCI: Using ACPI for IRQ routing
[    0.456302] NetLabel: Initializing
[    0.458666] NetLabel:  domain hash size = 128
[    0.459699] NetLabel:  protocols = UNLABELED CIPSOv4
[    0.460015] NetLabel:  unlabeled traffic allowed by default
[    0.464089] amd_nb: Cannot enumerate AMD northbridges
[    0.464182] clocksource: Switched to clocksource kvm-clock
[    0.477126] AppArmor: AppArmor Filesystem Enabled
[    0.480195] pnp: PnP ACPI init
[    0.481997] pnp: PnP ACPI: found 3 devices
[    0.495986] clocksource: acpi_pm: mask: 0xffffff max_cycles: 0xffffff, max_idle_ns: 2085701024 ns
[    0.499727] NET: Registered protocol family 2
[    0.501621] TCP established hash table entries: 8192 (order: 4, 65536 bytes)
[    0.503708] TCP bind hash table entries: 8192 (order: 5, 131072 bytes)
[    0.505688] TCP: Hash tables configured (established 8192 bind 8192)
[    0.507641] UDP hash table entries: 512 (order: 2, 16384 bytes)
[    0.515820] UDP-Lite hash table entries: 512 (order: 2, 16384 bytes)
[    0.520102] NET: Registered protocol family 1
[    0.521185] pci 0000:00:00.0: Limiting direct PCI/PCI transfers
[    0.522506] pci 0000:00:01.0: Activating ISA DMA hang workarounds
[    0.525042] Unpacking initramfs...
[    0.836173] Freeing initrd memory: 14828K
[    0.870196] clocksource: tsc: mask: 0xffffffffffffffff max_cycles: 0x23f7ef2f055, max_idle_ns: 440795306980 ns
[    0.872482] platform rtc_cmos: registered platform RTC device (no PNP device found)
[    0.874195] Scanning for low memory corruption every 60 seconds
[    0.878653] audit: initializing netlink subsys (disabled)
[    0.881414] audit: type=2000 audit(1559683699.419:1): initialized
[    0.920175] Initialise system trusted keyring
[    0.921738] HugeTLB registered 2 MB page size, pre-allocated 0 pages
[    0.931578] zbud: loaded
[    0.933479] VFS: Disk quotas dquot_6.6.0
[    0.935846] VFS: Dquot-cache hash table entries: 512 (order 0, 4096 bytes)
[    0.937834] squashfs: version 4.0 (2009/01/31) Phillip Lougher
[    0.940379] fuse init (API version 7.23)
[    0.942409] Key type big_key registered
[    0.943964] Allocating IMA MOK and blacklist keyrings.
[    0.949935] Key type asymmetric registered
[    0.968808] Asymmetric key parser 'x509' registered
[    0.970696] Block layer SCSI generic (bsg) driver version 0.4 loaded (major 249)
[    0.991274] io scheduler noop registered
[    1.007714] io scheduler deadline registered (default)
[    1.042703] io scheduler cfq registered
[    1.054255] pci_hotplug: PCI Hot Plug PCI Core version: 0.5
[    1.076733] pciehp: PCI Express Hot Plug Controller Driver version: 0.4
[    1.101718] ACPI: AC Adapter [AC] (off-line)
[    1.105260] input: Power Button as /devices/LNXSYSTM:00/LNXPWRBN:00/input/input0
[    1.107250] ACPI: Power Button [PWRF]
[    1.108363] input: Sleep Button as /devices/LNXSYSTM:00/LNXSLPBN:00/input/input1
[    1.110348] ACPI: Sleep Button [SLPF]
[    1.112436] GHES: HEST is not enabled!
[    1.112592] ACPI: Battery Slot [BAT0] (battery present)
[    1.117447] Serial: 8250/16550 driver, 32 ports, IRQ sharing enabled
[    1.144036] 00:02: ttyS0 at I/O 0x3f8 (irq = 4, base_baud = 115200) is a 16550A
[    1.154242] Linux agpgart interface v0.103
[    1.159761] loop: module loaded
[    1.162865] scsi host0: ata_piix
[    1.164544] scsi host1: ata_piix
[    1.165850] ata1: PATA max UDMA/33 cmd 0x1f0 ctl 0x3f6 bmdma 0xd000 irq 14
[    1.167882] ata2: PATA max UDMA/33 cmd 0x170 ctl 0x376 bmdma 0xd008 irq 15
[    1.171262] libphy: Fixed MDIO Bus: probed
[    1.172763] tun: Universal TUN/TAP device driver, 1.6
[    1.174228] tun: (C) 1999-2004 Max Krasnyansky <maxk@qualcomm.com>
[    1.175761] PPP generic driver version 2.4.2
[    1.177047] ehci_hcd: USB 2.0 'Enhanced' Host Controller (EHCI) Driver
[    1.182002] ehci-pci: EHCI PCI platform driver
[    1.187065] ehci-platform: EHCI generic platform driver
[    1.190159] ohci_hcd: USB 1.1 'Open' Host Controller (OHCI) Driver
[    1.203724] ohci-pci: OHCI PCI platform driver
[    1.205697] ohci-platform: OHCI generic platform driver
[    1.217339] uhci_hcd: USB Universal Host Controller Interface driver
[    1.219470] i8042: PNP: PS/2 Controller [PNP0303:PS2K,PNP0f03:PS2M] at 0x60,0x64 irq 1,12
[    1.222345] serio: i8042 KBD port at 0x60,0x64 irq 1
[    1.223585] serio: i8042 AUX port at 0x60,0x64 irq 12
[    1.225260] mousedev: PS/2 mouse device common for all mice
[    1.227615] input: AT Translated Set 2 keyboard as /devices/platform/i8042/serio0/input/input2
[    1.231654] rtc_cmos rtc_cmos: rtc core: registered rtc_cmos as rtc0
[    1.233664] rtc_cmos rtc_cmos: alarms up to one day, 114 bytes nvram
[    1.235093] i2c /dev entries driver
[    1.236401] device-mapper: uevent: version 1.0.3
[    1.238733] device-mapper: ioctl: 4.34.0-ioctl (2015-10-28) initialised: dm-devel@redhat.com
[    1.242468] ledtrig-cpu: registered to indicate activity on CPUs
[    1.246277] NET: Registered protocol family 10
[    1.248978] NET: Registered protocol family 17
[    1.257392] Key type dns_resolver registered
[    1.260211] registered taskstats version 1
[    1.261762] Loading compiled-in X.509 certificates
[    1.297625] Loaded X.509 cert 'Build time autogenerated kernel key: 766cb56454e39ea623681e1efb4bf4db48a2396c'
[    1.330673] zswap: loaded using pool lzo/zbud
[    1.338202] Key type trusted registered
[    1.351102] Key type encrypted registered
[    1.353045] AppArmor: AppArmor sha1 policy hashing enabled
[    1.355201] ima: No TPM chip found, activating TPM-bypass!
[    1.357519] ima: Allocated hash algorithm: sha1
[    1.359443] evm: HMAC attrs: 0x1
[    1.361083]   Magic number: 7:454:499
[    1.362637] rtc_cmos rtc_cmos: setting system clock to 2019-06-04 21:28:16 UTC (1559683696)
[    1.365733] BIOS EDD facility v0.16 2004-Jun-25, 0 devices found
[    1.367635] EDD information not available.
[    1.371812] Freeing unused kernel memory: 1484K
[    1.388064] Write protecting the kernel read-only data: 14336k
[    1.392812] Freeing unused kernel memory: 1620K
[    1.394966] Freeing unused kernel memory: 88K
Loading, please wait...
starting version[    1.427428] random: systemd-udevd: uninitialized urandom read (16 bytes read, 2 bits of entropy available)
 229
[    1.429538] random: udevadm: uninitialized urandom read (16 bytes read, 2 bits of entropy available)
[    1.429615] random: udevadm: uninitialized urandom read (16 bytes read, 2 bits of entropy available)
[    1.440314] random: systemd-udevd: uninitialized urandom read (16 bytes read, 2 bits of entropy available)
[    1.442781] random: systemd-udevd: uninitialized urandom read (16 bytes read, 2 bits of entropy available)
[    1.445236] random: systemd-udevd: uninitialized urandom read (16 bytes read, 2 bits of entropy available)
[    1.446629] random: udevadm: uninitialized urandom read (16 bytes read, 2 bits of entropy available)
[    1.446795] random: udevadm: uninitialized urandom read (16 bytes read, 2 bits of entropy available)
[    1.447062] random: udevadm: uninitialized urandom read (16 bytes read, 2 bits of entropy available)
[    1.447184] random: udevadm: uninitialized urandom read (16 bytes read, 2 bits of entropy available)
[    1.559916] Fusion MPT base driver 3.04.20
[    1.562109] Copyright (c) 1999-2008 LSI Corporation
[    1.597822] e1000: Intel(R) PRO/1000 Network Driver - version 7.3.21-k8-NAPI
[    1.599413] e1000: Copyright (c) 1999-2006 Intel Corporation.
[    1.607853] Fusion MPT SPI Host driver 3.04.20
[    1.620746] AVX2 version of gcm_enc/dec engaged.
[    1.623473] AES CTR mode by8 optimization enabled
[    1.776178] input: ImExPS/2 Generic Explorer Mouse as /devices/platform/i8042/serio1/input/input4
[    2.009509] e1000 0000:00:03.0 eth0: (PCI:33MHz:32-bit) 02:63:27:9f:3f:f3
[    2.013425] e1000 0000:00:03.0 eth0: Intel(R) PRO/1000 Network Connection
[    2.017348] e1000 0000:00:03.0 enp0s3: renamed from eth0
[    2.017365] mptbase: ioc0: Initiating bringup
[    2.087293] ioc0: LSI53C1030 A0: Capabilities={Initiator}
[    3.437481] scsi host2: ioc0: LSI53C1030 A0, FwRev=00000000h, Ports=1, MaxQ=256, IRQ=20
[    3.575115] scsi 2:0:0:0: Direct-Access     VBOX     HARDDISK         1.0  PQ: 0 ANSI: 5
[    3.579540] scsi target2:0:0: Beginning Domain Validation
[    3.622548] scsi target2:0:0: Domain Validation skipping write tests
[    3.760894] scsi target2:0:0: Ending Domain Validation
[    3.908874] scsi target2:0:0: asynchronous
[    4.030591] scsi 2:0:1:0: Direct-Access     VBOX     HARDDISK         1.0  PQ: 0 ANSI: 5
[    4.089523] scsi target2:0:1: Beginning Domain Validation
[    4.139290] scsi target2:0:1: Domain Validation skipping write tests
[    4.202632] scsi target2:0:1: Ending Domain Validation
[    4.246111] scsi target2:0:1: asynchronous
[    4.289040] sd 2:0:0:0: Attached scsi generic sg0 type 0
[    4.291517] sd 2:0:0:0: [sda] 20971520 512-byte logical blocks: (10.7 GB/10.0 GiB)
[    4.291850] sd 2:0:1:0: [sdb] 20480 512-byte logical blocks: (10.5 MB/10.0 MiB)
[    4.292079] sd 2:0:1:0: [sdb] Write Protect is off
[    4.292188] sd 2:0:1:0: [sdb] Incomplete mode parameter data
[    4.292190] sd 2:0:1:0: [sdb] Assuming drive cache: write through
[    4.296276] sd 2:0:1:0: Attached scsi generic sg1 type 0
[    4.304805] sd 2:0:0:0: [sda] Write Protect is off
[    4.306173] sd 2:0:0:0: [sda] Incomplete mode parameter data
[    4.307451] sd 2:0:0:0: [sda] Assuming drive cache: write through
[    4.342520]  sda: sda1
[    4.357186] sd 2:0:1:0: [sdb] Attached SCSI disk
[    4.389764] sd 2:0:0:0: [sda] Attached SCSI disk
Begin: Loading e[    6.015527] md: linear personality registered for level -1
ssential drivers ... [    6.057892] md: multipath personality registered for level -4
[    6.066531] md: raid0 personality registered for level 0
[    6.075053] md: raid1 personality registered for level 1
[    6.152060] raid6: sse2x1   gen()  4604 MB/s
[    6.244086] raid6: sse2x1   xor()  3464 MB/s
[    6.344061] raid6: sse2x2   gen()  6728 MB/s
[    6.440059] raid6: sse2x2   xor()  4919 MB/s
[    6.536360] raid6: sse2x4   gen()  7847 MB/s
[    6.636091] raid6: sse2x4   xor()  3249 MB/s
[    6.708124] raid6: avx2x1   gen()  6641 MB/s
[    6.776047] raid6: avx2x2   gen()  8300 MB/s
[    6.844042] raid6: avx2x4   gen()  9543 MB/s
[    6.845119] raid6: using algorithm avx2x4 gen() 9543 MB/s
[    6.846355] raid6: using avx2x2 recovery algorithm
[    6.849239] xor: automatically using best checksumming function:
[    6.924025]    avx       :  8277.000 MB/sec
[    7.048808] async_tx: api initialized (async)
[    7.160791] md: raid6 personality registered for level 6
[    7.224898] md: raid5 personality registered for level 5
[    7.332840] md: raid4 personality registered for level 4
[    7.445215] md: raid10 personality registered for level 10
done.
Begin: Running /scripts/init-premount ... done.
Begin: Mounting root file system ... Begin: R[    7.660646] Btrfs loaded
unning /scripts/local-top ... done.
Begin: Running /scripts/local-premount ... Scanning for Btrfs filesystems
done.
Warning: fsck not present, so skipping root file system
[    7.865303] EXT4-fs (sda1): mounted filesystem with ordered data mode. Opts: (null)
done.
Begin: Running /scripts/local-bottom ... done.
Begin: Running /scripts/init-bottom ... done.
[    8.744861] systemd[1]: systemd 229 running in system mode. (+PAM +AUDIT +SELINUX +IMA +APPARMOR +SMACK +SYSVINIT +UTMP +LIBCRYPTSETUP +GCRYPT +GNUTLS +ACL +XZ -LZ4 +SECCOMP +BLKID +ELFUTILS +KMOD -IDN)
[    8.757599] systemd[1]: Detected virtualization oracle.
[    8.762356] systemd[1]: Detected architecture x86-64.

Welcome to [1mUbuntu 16.04.6 LTS[0m!

[    8.868411] systemd[1]: Set hostname to <ubuntu>.
[   8903303] systemd[1]: Initializing machine ID ro rndm enat.
[    9.263663] systemd[1]: Installed transient /etc/machine-id file.
[    9.336879] random: nonblocking pool is initialized
[   11.098835] systemd[1]: Reached target Swap.
[[0;32m  OK  [0m] Reached target Swap.
[   11.103692] systemd[1]: Created slice User and Session Slice.
[[0;32m  OK  [0m] Created slice User and Session Slice.
[  1.10362] systemd[1]: Rehed target User and Group Name Lookups.
[[0;32m  OK  [0m] Reached target User and Group Name Lookups.
[   11.144080] systemd[1]: Listening on LVM2 metadata daemon socket.
[[0;32m  OK  [0m] Listening on LVM2 metadata daemon socket.
[   11.144080] systemd[1]: Listenig on LVM2 poll daemon socket.
[[0;32m  OK  [0m] Listening on LVM2 poll daemon socket.
[   11.144080] systemd[1]: Reached target Encrypted Volumes.
[[0;32m  OK  [0m] Reached target Encrypted Volumes.
[   11.766797] systemd[1]: Reached target System Time Synchronized.
[[0;32m  OK  [0m] Reached target System Time Synchronized.
[   11.772514] systemd[1]: Listening on Syslog Socket.
[[0;32m  OK  [0m] Listening on Syslog Socket.
[   11.775882] systemd[1]: Listening on Journal Socket (/dev/log).
[[0;32m  OK  [0m] Listening on Journal Socket (/dev/log).
[   11.778445] systemd[1]: Started Forward Password Requests to Wall Directory Watch.
[[0;32m  OK  [0m] Started Forward Password Requests to Wall Directory Watch.
[   11.781887] systemd[1]: Set up automount Arbitrary Executable File Formats File System Automount Point.
[[0;32m  OK  [0m] Set up automount Arbitrary Executab...ats File System Automount Point.
[   11.791152] systemd[1]: Listening on udev Control Socket.
[[0;32m  OK  [0m] Listening on udev Control Socket.
[   11.793652] systemd[1]: Started Trigger resolvconf update for networkd DNS.
[[0;32m  OK  [0m] Started Trigger resolvconf update for networkd DNS.
[   11.798555] systemd[1]: Listening on /dev/initctl Compatibility Named Pipe.
[[0;32m  OK  [0m] Listening on /dev/initctl Compatibility Named Pipe.
[   11.801531] systemd[1]: Listening on udev Kernel Socket.
[[0;32m  OK  [0m] Listening on udev Kernel Socket.
[   11.803651] systemd[1]: Listening on Device-mapper event daemon FIFOs.
[[0;32m  OK  [0m] Listening on Device-mapper event daemon FIFOs.
[   11.806313] systemd[1]: Listening on Journal Socket.
[[0;32m  OK  [0m] Listening on Journal Socket.
[   11.810426] systemd[1]: Created slice System Slice.
[[0;32m  OK  [0m] Created slice System Slice.
[   11.829495] systemd[1]: Starting Set console keymap...
         Starting Set console keymap...
[   11.924233] systemd[1]: Starting Create list of required static device nodes for the current kernel...
         Starting Create list of required st... nodes for the current kernel...
[   11.947397] systemd[1]: Starting Remount Root and Kernel File Systems...
         Starting Remount Root and Kernel File Systems...
[   11.983312] systemd[1]: Created slice system-serial\x2dgetty.slice.
[[0;32m  OK  [0m] Created slice system-serial\x2dgetty.slice.
[   12.000397] systemd[1]: Starting Uncomplicated firewall...
         Starting Uncomplicated firewall...
[   12.012325] systemd[1]: Mounting Huge Pages File System...
         Mounting Huge Pages File System...
[   12.034070] EXT4-fs (sda1): re-mounted. Opts: (null)
[   12.035075] systemd[1]: Mounting POSIX Message Queue File System...
         Mounting POSIX Message Queue File System...
[   12.064493] systemd[1]: Starting Monitoring of LVM2 mirrors, snapshots etc. using dmeventd or progress polling...
         Starting Monitoring of LVM2 mirrors... dmeventd or progress polling...
[   12.074568] systemd[1]: Mounting Debug File System...
         Mounting Debug File System...
[   12.124453] systemd[1]: Starting Load Kernel Modules...
         Starting Load Kernel Modules...
[   12.135901] systemd[1]: Starting Nameserver information manager...
         Starting Nameserver information manager...
[   12.149568] systemd[1]: Listening on Journal Audit Socket.
[[0;32m  OK  [0m] Listening on Journal Audit Socket.
[   12.155565] systemd[1]: Starting Journal Service...
         Starting Journal Service...
[   12.168313] systemd[1]: Reached target Slices.
[[0;32m  OK  [0m] Reached target Slices.
[   12.182351] systemd[1]: Mounted Debug File System.
[[0;32m  OK  [0m] Mounted Debug File System.
[   12.186948] systemd[1]: Mounted POSIX Message Queue File System.
[[0;32m  OK  [0m] Mounted POSIX Message Queue File System.
[   12.212447] systemd[1]: Mounted Huge Pages File System.
[[0;32m  OK  [0m] Mounted Huge Pages File System.
[   12.219502] systemd[1]: Started Set console keymap.
[[0;32m  OK  [0m] Started Set console keymap.
[   12.225702] systemd[1]: Started Create list of required static device nodes for the current kernel.
[[0;32m  OK  [0m] Started Create list of required sta...ce nodes for the current kernel.
[   12.236633] systemd[1]: Started Remount Root and Kernel File Systems.
[[0;32m  OK  [0m] Started Remount Root and Kernel File Systems.
[   12.241682] systemd[1]: Started Uncomplicated firewall.
[[0;32m  OK  [0m] Started Uncomplicated firewall.
[   12.320516] systemd[1]: Started Nameserver information manager.
[[0;32m  OK  [0[   12.343214] Loading iSCSI transport class v2.0-870.
m] Started Nameserver information manager.
[   12.404464] systemd[1]: Started LVM2 metadata daemon.
[[0;32m  OK  [0m] Started LVM2 metadata daemon.
[   12.484566] systemd[1]: Starting udev Coldplug all Devices...
         Starting udev Coldplug all Devices...
[   12.491042] iscsi: registered transport (tcp)
[   12.493089] systemd[1]: Starting Load/Save Random Seed...
         Starting Load/Save Random Seed...
[   12.536626] systemd[1]: Starting Create Static Device Nodes in /dev...
         Starting Create Static Device Nodes in /dev...
[   12.588979] systemd[1]: Started Journal Service.
[[0;32m  OK  [0m] Started Journal Service.
         Starting Flush Journal to Persistent Storage...
[[0;32m  OK  [0m] Started Load/Save Random Seed.
[[0;32m  OK  [0m] Started udev Coldplug all Devices.
[[0;32m  OK  [0m] Started Monitoring of LVM2 mirrors,...ng dmeventd or progress polling.
[   12.835378] systemd-journald[399]: Received request to flush runtime journal from PID 1
[   12.853602] iscsi: registered transport (iser)
[[0;32m  OK  [0m] Started Load Kernel Modules.
         Mounting FUSE Control File System...
         Starting Apply Kernel Variables...
[[0;32m  OK  [0m] Mounted FUSE Control File System.
[[0;32m  OK  [0m] Started Flush Journal to Persistent Storage.
[[0;32m  OK  [0m] Started Apply Kernel Variables.
[[0;32m  OK  [0m] Started Create Static Device Nodes in /dev.
         Starting udev Kernel Device Manager...
[[0;32m  OK  [0m] Reached target Local File Systems (Pre).
[[0;32m  OK  [0m] Reached target Local File Systems.
         Starting Commit a transient machine-id on disk...
         Starting Create Volatile Files and Directories...
         Starting LSB: AppArmor initialization...
         Starting Set console font and keymap...
         Starting Initial cloud-init job (pre-networking)...
         Starting Tell Plymouth To Write Out Runtime Data...
[[0;32m  OK  [0m] Started Commit a transient machine-id on disk.
[[0;32m  OK  [0m] Started Create Volatile Files and Directories.
         Starting Update UTMP about System Boot/Shutdown...
[[0;32m  OK  [0m] Started Tell Plymouth To Write Out Runtime Data.
[[0;32m  OK  [0m] Started Update UTMP about System Boot/Shutdown.
[[0;32m  OK  [0m] Started Set console font and keymap.
[[0;32m  OK  [0m] Created slice system-getty.slice.
[[0;32m  OK  [0m] Started udev Kernel Device Manager.
[[0;32m  OK  [0m] Started Dispatch Password Requests to Console Directory Watch.
[[0;32m  OK  [0m] Found device /dev/ttyS0.
[[0;32m  OK  [0m] Listening on Load/Save RF Kill Switch Status /dev/rfkill Watch.
[[0;32m  OK  [0m] Started LSB: AppArmor initialization.
[   21.608686] cloud-init[471]: Cloud-init v. 18.5-45-g3554ffe8-0ubuntu1~16.04.1 running 'init-local' at Tue, 04 Jun 2019 21:28:35 +0000. Up 20.80 seconds.
[[0;32m  OK  [0m] Started Initial cloud-init job (pre-networking).
[[0;32m  OK  [0m] Reached target Network (Pre).
         Starting Raise network interfaces...
[[0;32m  OK  [0m] Started Raise network interfaces.
[[0;32m  OK  [0m] Reached target Network.
         Starting Initial cloud-init job (metadata service crawler)...
[   24.928672] cloud-init[933]: Cloud-init v. 18.5-45-g3554ffe8-0ubuntu1~16.04.1 running 'init' at Tue, 04 Jun 2019 21:28:37 +0000. Up 22.82 seconds.
[   24.968768] cloud-init[933]: ci-info: ++++++++++++++++++++++++++++++++++++++Net device info++++++++++++++++++++++++++++++++++++++
[   24.990129] cloud-init[933]: ci-info: +--------+------+----------------------------+---------------+--------+-------------------+
[   24.995210] cloud-init[933]: ci-info: | Device |  Up  |          Address           |      Mask     | Scope  |     Hw-Address    |
[   25.009048] cloud-init[933]: ci-info: +--------+------+----------------------------+---------------+--------+-------------------+
[   25.021009] cloud-init[933]: ci-info: | enp0s3 | True |         10.0.2.15          | 255.255.255.0 | global | 02:63:27:9f:3f:f3 |
[   25.023615] cloud-init[933]: ci-info: | enp0s3 | True | fe80::63:27ff:fe9f:3ff3/64 |       .       |  link  | 02:63:27:9f:3f:f3 |
[   25.031336] cloud-init[933]: ci-info: |   lo   | True |         127.0.0.1          |   255.0.0.0   |  host  |         .         |
[   25.035261] cloud-init[933]: ci-info: |   lo   | True |          ::1/128           |       .       |  host  |         .         |
[[0;32m  OK  [0m[   25.100900] ] cloud-initStarted Initial cloud-init job (metadata service crawler).[933]: ci-info: +--------+------+----------------------------+---------------+--------+-------------------+

[   25.101774] cloud-init[933]: ci-info: +++++++++++++++++++++++++++Route IPv4 info++++++++++++++++++++++++++++
[   25.113227] cloud-init[933]: ci-info: +-------+-------------+----------+---------------+-----------+-------+
[   25.115479] cloud-init[933]: ci-info: | Route | Destination | Gateway  |    Genmask    | Interface | Flags |
[   25.117725] cloud-init[933]: ci-info: +-------+-------------+----------+---------------+-----------+-------+
[   25.120061] cloud-init[933]: ci-info: |   0   |   0.0.0.0   | 10.0.2.2 |    0.0.0.0    |   enp0s3  |   UG  |
[   25.123334] cloud-init[933]: ci-info: |   1   |   10.0.2.0  | 0.0.0.0  | 255.255.255.0 |   enp0s3  |   U   |
[   25.123551] cloud-init[933]: ci-info: +-------+-------------+----------+---------------+-----------+-------+
[   25.125080] cloud-init[933]: ci-info: +++++++++++++++++++Route IPv6 info+++++++++++++++++++
[   25.126939] cloud-init[933]: ci-info: +-------+-------------+---------+-----------+-------+
[   25.127030] cloud-init[933]: ci-info: | Route | Destination | Gateway | Interface | Flags |
[   25.128346] cloud-init[933]: ci-info: +-------+-------------+---------+-----------+-------+
[   25.129289] cloud-init[933]: ci-info: |   0   |  fe80::/64  |    ::   |   enp0s3  |   U   |
[   25.130355] cloud-init[933]: ci-info: |   3   |   ff00::/8  |    ::   |   enp0s3  |   U   |
[   25.131528] cloud-init[933]: ci-info: +-------+-------------+---------+-----------+-------+
[   25.133116] cloud-init[933]: Generating public/private rsa key pair.
[   25.134072] cloud-init[933]: Your identification has been saved in /etc/ssh/ssh_host_rsa_key.
[   25.134162] cloud-init[933]: Your public key has been saved in /etc/ssh/ssh_host_rsa_key.pub.
[   25.135479] cloud-init[933]: The key fingerprint is:
[   25.136480] cloud-init[933]: SHA256:jbeTqdGJDw6XNNeMtEEmswknAWgxflumRVl0B70RpEE root@ubuntu-xenial
[[   25.137988] cloud-init[933]: The key's randomart image is:
[   25.138130] cloud-init[933]: +---[RSA 2048]----+
[   25.138979] cloud-init[933]: |  oo..==*.E++.   |
[0;32m  OK  [0m] Reached target System Initialization.
[   25.139926] cloud-init[933]: | .o. ..+ O +o    |
[   25.141967] cloud-init[933]: | .. . + o +  o   |
[   25.143145] cloud-init[933]: |   . *   + *.    |
[   25.144284] cloud-init[933]: |    o   S * o    |
[   25.144705] cloud-init[933]: |       . B =     |
[[0;32m  OK  [0m] Started ACPI Events Check.
[[   25.145016] cloud-init[933]: |      . * B      |
[   25.147966] cloud-init[933]: |       + = .     |
[   25.148381] cloud-init[933]: |        o .      |
[   25.149151] cloud-init[933]: +----[SHA256]-----+
[0;32m  OK  [0m[   25.150105] cloud-init[933]: Generating public/private dsa key pair.
[   25.150412] cloud-init[933]: Your identification has been saved in /etc/ssh/ssh_host_dsa_key.
] Reached target Paths.
[[   25.151079] cloud-init[933]: Your public key has been saved in /etc/ssh/ssh_host_dsa_key.pub.
[   25.157995] cloud-init[933]: The key fingerprint is:
[   25.159541] cloud-init[933]: SHA256:GQ4xKJDG2gPj7sOETwfYCXyIV2FLVyjle2SblXsYymw root@ubuntu-xenial
[0;32m  OK  [0m[   25.161331] cloud-init[933]: The key's randomart image is:
[   25.161729] cloud-init[933]: +---[DSA 1024]----+
[   25.162911] cloud-init[933]: |=o..=+=o.        |
[   25.163348] cloud-init[933]: |*=o+o+.o   .     |
[   25.164239] cloud-init[933]: |+O.o..o + +      |
[   25.165205] cloud-init[933]: |o.*    O B +     |
[   25.165775] cloud-init[933]: |o  o  . E o .    |
] [   25.166502] cloud-init[933]: |.o. .  o   .     |
[   25.166656] cloud-init[933]: |+o .             |
[   25.167379] cloud-init[933]: | +.              |
Listening on UUID daemon activation socket.
[[   25.167859] cloud-init[933]: |  .              |
[   25.181559] cloud-init[933]: +----[SHA256]-----+
[   25.182974] cloud-init[933]: Generating public/private ecdsa key pair.
[   25.183153] cloud-init[933]: Your identification has been saved in /etc/ssh/ssh_host_ecdsa_key.
[0;32m  OK  [0m] Listening on ACPID Listen Socket.
[   25.183642] cloud-init[933]: Your public key has been saved in /etc/ssh/ssh_host_ecdsa_key.pub.
[   25.191297] cloud-init[933]: The key fingerprint is:
[   25.191531] cloud-init[933]:          SHA256:+80hpAlWe7kyl26RlsUHlUvsEaQWENk9XMisdbkq+hY root@ubuntu-xenialStarting Socket activation for snappy daemon.

[   25.192139] cloud-init[933]: The key's randomart image is:
[[   25.196045] cloud-init[933]: +---[ECDSA 256]---+
[   25.196498] cloud-init[933]: |          o=.O+=o|
[   25.197382] cloud-init[933]: |          . oo&..|
[   25.197881] cloud-init[933]: |        .  .o* =.|
[   25.198522] cloud-init[933]: |       . . o+ +. |
[   25.199076] cloud-init[933]: |      o S ++ ..  |
[0;32m  OK  [0m[   25.199813] cloud-init[933]: |     . . *=E .   |
[   25.200172] cloud-init[933]: |        *.*.+    |
[   25.201043] cloud-init[933]: ] |         B.= .   |Started Daily apt download activities.

[   25.201659] cloud-init[933]: |         .=.o    |
[   25.203768] cloud-init[933]: +----[SHA256]-----+
[   25.204650] cloud-init[933]: Generating public/private ed25519 key pair.
[   25.205075] cloud-init[933]: Your identification has been saved in /etc/ssh/ssh_host_ed25519_key.
[   25.206053] cloud-init[933]: Your public key has been saved in /etc/ssh/ssh_host_ed25519_key.pub.
[   25.206930] cloud-init[933]: The key fingerprint is:
[   25.208430] cloud-init[933]: SHA256:eAJ+zVw0teQN3DwndaGK4ye5ywvog8Mwhc9L933UP6Y root@ubuntu-xenial
[   25.208805] cloud-init[933]: The key's randomart image is:
[[0;32m  OK  [0m[   25.210271] cloud-init[933]: +--[ED25519 256]--+
[   25.210662] cloud-init[933]: |          oo+o o+|
[   25.211527] cloud-init[933]: |         . +.+* o|
] [   25.212322] cloud-init[933]: |  . .     . o..+ |
[   25.212510] cloud-init[933]: | . o . = .. .    |
Started Daily apt upgrade and clean activities.
[   25.215315] cloud-init[933]: |  + . + So ..    |
[   25.215614] cloud-init[933]: | o + o.o. o. .   |
[[   25.216722] cloud-init[933]: |  = +....+..  .  |
[   25.216880] cloud-init[933]: |   =.. .o.+.   + |
[0;32m  OK  [0m] Listening on D-Bus System Message Bus Socket.[   25.218363] cloud-init[933]: |    ...  =+  Eo .|
[   25.218808] cloud-init[933]: +----[SHA256]-----+

[[0;32m  OK  [0m] Started Daily Cleanup of Temporary Directories.
[[0;32m  OK  [0m] Reached target Timers.
         Starting LXD - unix socket.
[[0;32m  OK  [0m] Reached target Cloud-config availability.
[[0;32m  OK  [0m] Reached target Network is Online.
         Starting iSCSI initiator daemon (iscsid)...
[[0;32m  OK  [0m] Listening on Socket activation for snappy daemon.
[[0;32m  OK  [0m] Listening on LXD - unix socket.
[[0;32m  OK  [0m] Reached target Sockets.
[[0;32m  OK  [0m] Reached target Basic System.
[[0;32m  OK  [0m] Started Deferred execution scheduler.
[[0;32m  OK  [0m] Started Regular background program processing daemon.
         Starting Virtualbox guest utils...
[[0;32m  OK  [0m] Started D-Bus System Message Bus.
[[0;32m  OK  [0m] Started ACPI event daemon.
[[0;32m  OK  [0m] Started Unattended Upgrades Shutdown.
         Starting Login Service...
         Starting LSB: MD monitoring daemon...
[[0;32m  OK  [0m] Started FUSE filesystem for LXC.
         Starting System Logging Service...
         Starting Accounts Service...
         Starting /etc/rc.local Compatibility...
         Starting LXD - container startup/shutdown...
         Starting Pollinate to seed the pseudo random number generator...
         Starting LSB: Record successful boot for GRUB...
         Starting Snappy daemon...
[[0;32m  OK  [0m] Started /etc/rc.local Compatibility.
[[0;32m  OK  [0m] Started Login Service.
[[0;32m  OK  [0m] Started iSCSI initiator daemon (iscsid).
         Starting Login to default iSCSI targets...
[[0;32m  OK  [0m] Started LSB: Record successful boot for GRUB.
[[0;32m  OK  [0m] Started System Logging Service.
[[0;32m  OK  [0m] Started LSB: MD monitoring daemon.
[[0;32m  OK  [0m] Started Login to default iSCSI targets.
[[0;32m  OK  [0m] Reached target Remote File Systems (Pre).
[[0;32m  OK  [0m] Reached target Remote File Systems.
         Starting Permit User Sessions...
         Starting LSB: daemon to balance interrupts for SMP systems...
         Starting LSB: automatic crash report generation...
         Starting LSB: Set the CPU Frequency Scaling governor to "ondemand"...
[[0;32m  OK  [0m] Started LSB: Set the CPU Frequency Scaling governor to "ondemand".
[[0;32m  OK  [0m] Started Permit User Sessions.
[[0;32m  OK  [0m] Started Virtualbox guest utils.
[[0;32m  OK  [0m] Started LSB: automatic crash report generation.
         Starting Terminate Plymouth Boot Screen...
         Starting Hold until boot process finishes up...
[[0;32m  OK  [0m] Started Terminate Plymouth Boot Screen.
[[0;32m  OK  [0m] Started Hold until boot process finishes up.
[[0;32m  OK  [0m] Started Getty on tty1.
         Starting Set console scheme...
[[0;32m  OK  [0m] Started Serial Getty on ttyS0.
[[0;32m  OK  [0m] Reached target Login Prompts.
[[0;32m  OK  [0m] Started LSB: daemon to balance interrupts for SMP systems.
[[0;32m  OK  [0m] Started Set console scheme.
         Starting Authenticate and Authorize Users to Run Privileged Tasks...
[[0;32m  OK  [0m] Started Authenticate and Authorize Users to Run Privileged Tasks.
[[0;32m  OK  [0m] Started Accounts Service.
[[0;32m  OK  [0m] Started LXD - container startup/shutdown.
[[0;32m  OK  [0m] Started Snappy daemon.
         Starting Wait until snapd is fully seeded...
[[0;32m  OK  [0m] Started Pollinate to seed the pseudo random number generator.
         Starting OpenBSD Secure Shell server...
[[0;32m  OK  [0m] Started OpenBSD Secure Shell server.

Ubuntu 16.04.6 LTS ubuntu-xenial ttyS0

ubuntu-xenial login: [   37.882054] cloud-init[1422]: Generating locales (this might take a while)...
[   39.425554] cloud-init[1422]:   en_US.UTF-8... done
[   39.426565] cloud-init[1422]: Generation complete.
[   41.404951] cloud-init[1422]: Cloud-init v. 18.5-45-g3554ffe8-0ubuntu1~16.04.1 running 'modules:config' at Tue, 04 Jun 2019 21:28:52 +0000. Up 37.52 seconds.
ci-info: no authorized ssh keys fingerprints found for user ubuntu.
<14>Jun  4 21:28:57 ec2: 
<14>Jun  4 21:28:57 ec2: #############################################################
<14>Jun  4 21:28:57 ec2: -----BEGIN SSH HOST KEY FINGERPRINTS-----
<14>Jun  4 21:28:57 ec2: 1024 SHA256:GQ4xKJDG2gPj7sOETwfYCXyIV2FLVyjle2SblXsYymw root@ubuntu-xenial (DSA)
<14>Jun  4 21:28:57 ec2: 256 SHA256:+80hpAlWe7kyl26RlsUHlUvsEaQWENk9XMisdbkq+hY root@ubuntu-xenial (ECDSA)
<14>Jun  4 21:28:57 ec2: 256 SHA256:eAJ+zVw0teQN3DwndaGK4ye5ywvog8Mwhc9L933UP6Y root@ubuntu-xenial (ED25519)
<14>Jun  4 21:28:57 ec2: 2048 SHA256:jbeTqdGJDw6XNNeMtEEmswknAWgxflumRVl0B70RpEE root@ubuntu-xenial (RSA)
<14>Jun  4 21:28:57 ec2: -----END SSH HOST KEY FINGERPRINTS-----
<14>Jun  4 21:28:57 ec2: #############################################################
-----BEGIN SSH HOST KEY KEYS-----
ecdsa-sha2-nistp256 AAAAE2VjZHNhLXNoYTItbmlzdHAyNTYAAAAIbmlzdHAyNTYAAABBBGzXq2BMEf8Pme78/a2iB2dZdMW57MCz3p/mxMO7BsZbo9bN0uYK8eduvxsx+5m+mp/DtIZ8ef9Tdp1YrKYBM4A= root@ubuntu-xenial
ssh-ed25519 AAAAC3NzaC1lZDI1NTE5AAAAINqJq0L0magode82P0y8qUD8v4IPACZsTjC4x7CPe+X8 root@ubuntu-xenial
ssh-rsa AAAAB3NzaC1yc2EAAAADAQABAAABAQCfFREQGASv9prxk/hktsnUanb0rFSD61YfKeoIBDUtMNkShLivfmSxLSACW6a/1fWBpCWFelqXMuJagmrsJZ6+WJMrmMiwUKCmh2r7+N3n5FBJbz3cWr2g+/AyTz9s4oRDwV3vGeQBzphUtaBy9UuH8oS2d4XEfdqO82dhcjDZdnAuitDU5eSj67gkbcIkGuuHCxsqv8kV2s8LgJR3muzcVU55txmPnUgKJ5slaWan+wdLYLxYfVNqC9dCNBFaIFZflfWDQbVNHuH8jvQSqxcIidlUmZrkcZdMF6hb8kOzoxm1kN60zKuDEic6e9svRWAnqF5Rn8iEaqBVIQmvhyCj root@ubuntu-xenial
-----END SSH HOST KEY KEYS-----
[   42.476955] cloud-init[1585]: Cloud-init v. 18.5-45-g3554ffe8-0ubuntu1~16.04.1 running 'modules:final' at Tue, 04 Jun 2019 21:28:57 +0000. Up 42.17 seconds.
[   42.477491] cloud-init[1585]: ci-info: no authorized ssh keys fingerprints found for user ubuntu.
[   42.477805] cloud-init[1585]: Cloud-init v. 18.5-45-g3554ffe8-0ubuntu1~16.04.1 finished at Tue, 04 Jun 2019 21:28:57 +0000. Datasource DataSourceNoCloud [seed=/dev/sdb][dsmode=net].  Up 42.45 seconds
