[    0.000000] Initializing cgroup subsyscpuset
[    0.000000] Initializing cgroup subsys cpu
[    0.000000] Initializing cgroup subsys cpuacct
[    0.000000] Linux version 4.4.0-150-generic (buildd@lgw01-amd64-036) (gcc version 5.4.0 20160609 (Ubuntu 5.4.0-6ubuntu1~16.04.10) ) #176-Ubuntu SMP Wed May 29 18:56:26 UTC 2019 (Ubuntu 4.4.0-150.176-generic 4.4.179)
[    0.000000] Command line: BOOT_IMAGE=/boovmlinuz.40-1-gneric root=UUID=99c9e80-27ae-49cb-bdb6-b052474ada8e ro console=ty1 console=ttyS0
[    0.000000] KERNEL uportedcpus:
[    0.000000]   Intel GenuineIntel
[    0.00000  AMD AuthenticAMD
[    0.00000  Centaur CtaurHauls
[    0.000000] x86/fpu: xstate_offset[2]:576, xstate_sizes[]:256    0.000000] x86/fpu: Supporting XSAVE feature 0x01: 'x87 floating point regites'
[    0.000000] x86/fpu: Supporting XSAVE feature 0x02: 'SSE registers'
[    000000 x8fpu: Supporting XSAVE feature 0x04: 'AVX registers'
[    0.000000] x86/fpu: Enabled xstate features 0x7, context size is 832 bytes, using 'standard' format.
[    0.000000] e820: BIOS-provided physcal RAM map:
[    0.000000] BIOS-e820: [mem 0x0000000000000000-0x000000000009fbff] usable
[    0.000000] BIOS-e820: [mem 0x000000000009fc00-0x000000000009ffff] reserved
[    0.000000] BIOS-e820: [mem 0x00000000000f000-x000000000fffff] reserved
[  0.000000] BIOS-e820 [em 0x0000000000100000-0x000000003ffeffff] usable
[    0.000000] BIOS-e820: [mem 0x000000003fff0000-0x000000003fffffff] ACPI data
[    0.000000] BIOS-e820: [mem 0x00000000fec00000-0x00000000fec00fff] reserved
[    0.000000] BIOS-e820: [mem 0x000000fee00000-0x00000000fe0fff] reserved
[    0.00000] BIOS-e820: mem 0x00000000fffc0000-0x00000000ffffffff] reserved
[    0.000000] NX (Execute Disable) protection: active
[    0.000000] SMBIOS 2.5 present.
[    0.000000] Hypervisor detected: KVM
[    0.000000] Kernel/User page tables isolation: disbled
[    0.0000] e8: last_pfn = 0x3fff0 max_arch_pfn = 0x400000000
[    0.000000] MTRR: Disabled
[    0.000000] x86/PAT: MTRRs disabled, skipping PAT initialization too.
[    0.000000] CPU MTRRs all blank - virtualized system.
[   0.000000] x86/PAT: Configuration [0-7]: WB  WT  UC- UC  WB  WT  UC- UC  
[    0.000000] found SMP MP-table atmem 0x0009fff0-0x0009ffff] mappeat [ffff88000009fff0]
[    0.000000] Scanning 1 areas for low memory corruption
[    0.000000] RAMDISK: [mem 0x361ee000-0x370eefff]
[    0.000000] ACPI: Early table checksum verification disabled
[    0.000000] ACPI: RSDP 0x0000000000E000 000024 (v02 VBOX  )[   0.000000] ACPI: XSDT 0x000000003FFF0030 00003C (v01 VBOX   VBOXXSDT 00000001 ASL  00000061)
[    0.000000] ACPI: FACP 0x000000003FFF00F0 0000F4 (v04 VBOX   VBOXFACP 00000001 ASL  00000061)
[    0.000000] AI: DSDT 0x000000003FFF0470 0021FF (v02 BOX   BOXBIOS 0000002 INTL 20180105)
[    0.000000] ACPI: FS 0x000000003FFF0200 000040
[    0.000000] ACPI: FACS 0x000000003FFF0200 000040
[    0.000000] ACPI: APIC 0x000000003FFF0240 00005C (v02 VBOX   VBOXAPIC 00000001 ASL  00000061)
[    0.000000] ACPI: SSDT 0x000000003FFF02A0 000CC (v01 VBOX   VBOXCPUT 00000002 INTL 20180105)
[    0.0000] NoNUMA configuration found
[    0.000000] Faki a no at [mem 0x000000000000000-0x000000003ffeffff]
[    0.000000] NODE_DATA(0) allocated [mem 0x3ffeb000-0x3ffeffff]
[    0.000000] kvm-clock: Using msrs 4b564d01 and 4b564d00
[    0.000000] kvmlock: cu  msr 03fe3001, primary cpu clock
[    0.000000] kvm-clock: using sched offset of 4829921362 cycles
[    0.000000] clocksource: kvm-clock:: mask: 0xffffffffffffffff max_cycles: 0x1cd42e4dffb, max_idle_ns: 881590591483 ns
[    0.000000] Zone ranges:
[    0.000000]   DMA      [mem 0x0000000000001000-0x0000000000ffffff]
[   0.000000]   DMA32    [mem 0x0000000001000000-0x000000003ffeffff]
[    0.000000]   Normal    empty
[    0.000000]   Device   empty
[    0.000000] Movable zone start for each node
[    0.000000] Early memory node ranges
[    0.000000]   node   0: [mem 0x0000000000001000-0x000000000009efff]
[    0.000000]   node   0: [mem 0x0000000000100000-0x000000003ffeffff]
[    0.000000] Initmem setup node 0 [mem 0x0000000000001000-0x000000003ffeffff]
[    0.000000] ACPI: PM-Timer IO Port: 0x4008
[    0.000000] IOAPIC[0]: apic_id 2, version 32, address 0xfec00000, GSI 0-23
[    .000000] ACPI: INT_SRC_OVR (bus 0 bus_irq 0 global_irq 2 dfl dfl)
[    0.000000] ACPI: INT_SRC_OVR (bus 0 bus_irq 9 glba_irq 9 low level)
[    0.000000] Using ACPI (MADT) for SMP configurationnformation
[    0.000000] smpboot: Allowing 2 Cs,0 hotplug Us
[    0.000000] PM: Registered nosave memory: [mm x00000000-0x00000fff]
[    0.000000] PM: Registered nosave memory: [mem 0x0009f000-0x0009ffff]
[    0.000000] PM: Registered nosave memory: [mem 0x000a0000-0x000effff]
[    0.000000] PM: Registered nosave memory: [mem 0x000f0000-0x000fffff]
[    0.000000] e820: [mem 0x40000000-0xfebfffff] available for PCI devices
[    0.000000] Booting paravirtualized kernel on KVM
[   0.000000] clocksource: refined-jiffies: mask: 0xffffffff max_cycls:xfffffff,max_dl_ns: 7645519600211568 ns
[    0.000000] setup_percpu: NR_CPUS:512 nr_cpumask_bits:512 nr_cpu_ids:2 nr_node_ids:1
[    00000] PERCPU: Embedded 34 pages/cpu ffff8800300000 s99480 r8192 d31592 u1048576
[    0.000000] Built 1 nelis in Node order, mobility grping o  Total pages: 257912
[    0.000000] Plicy zone: DMA32[    0.0000] Kernel command line: BOOT_IMAGE=/boot/vmlinuz-4.4.0-150--generic root=UID=99cb9e80-27ae-49cb-bdb6-b052474ada8e ro console=tty1 console=ttyS0
[    0.000000] PID hash table entries: 4096 (order: 3, 32768 bytes)
[    0.000000] Memory: 997196K/1048120K available (8613K kernel code, 1335K rwdata, 4028K rodata, 1484K init, 1284K bss, 50924K reserved, 0K cma-reserved)
[    0.000000] SLUB: HWalign=64, Order=0-3, MinObjects=0, CPUs=2, Nodes=1
[    0.000000] Hierarchical RCU implementation.
[    0.000000] 	Build-time adjustment of leaf fanout to 64.
[    000000] 	RCU restricting CPUs from NR_CPUS=512 to nr_cpu_ids=2.
[    0.000000] RCU: Adjusting geometry for rcu_fanout_leaf=64, nr_cpu_ids=2
[    0.000000] NR_IRQS:33024 nr_irqs:440 16
[    0.000000] Console: colour VGA+ 80x25
[    0.000000] console [tty1] enabled
[    0.000000] console [ttyS0] enabled
[    0.000000] tsc: Detected  2495.036 MHz processor
[    0.000000] tsc: Marking TSC unstable due to TSCs unsynchronized
[    0.012000] Calibrating delay loop (skipped) preset value.. 4990.07 BogoMIPS (lpj=9980144)
[    0.016031] pid_max: default: 32768 minimum: 301
[    0.020052] ACPI: Core revision 20150930
[    0.029507] ACPI: 2 ACPI AML tables successfully acquired and loaded
[    0.037133] Security Framework initialized
[    0.040018] Yama: becoming mindful.
[    0.044060] AppArmor: AppArmor initialized
[    0.048388] Dentry cache hash table entries: 131072 (order: 8, 1048576 bytes)
[    0.052416] Inode-cache hash table entries: 65536 (order: 7, 524288 bytes)
[    0.061372] Mount-cache hash table entries: 2048 (order: 2, 16384 bytes)
[    0.064051] Mountpoint-cache hash table entries: 2048 (order: 2, 16384 bytes)
[    0.068392] Initializing cgroup subsys io
[    0.072037] Initializing cgroup subsys memory
[    0.076069] Initializing cgroup subsys devices
[    0.080035] Initializing cgroup subsys freezer
[    0.084049] Initializing cgroup subsys net_cls
[    0.088031] Initializing cgroup subsys perf_event
[    0.092034] Initializing cgroup subsys net_prio
[    0.096042] Initializing cgroup subsys hugetlb
[    0.100019] Initializing cgroup subsys pids
[    0.137841] mce: CPU supports 0 MCE banks
[    0.140064] Last level iTLB entries: 4KB 512, 2MB 1024, 4MB 512
[    0.144037] Last level dTLB entries: 4KB 1024, 2MB 1024, 4MB 512, 1GB 0
[    0.148023] Spectre V2 : Spectre mitigation: LFENCE not serializing, switching to generic retpoline
[    0.152021] Spectre V2 : Mitigation: Full generic retpoline
[    0.156031] Spectre V2 : Spectre v2 / SpectreRSB mitigation: Filling RSB on context switch
[    0.160022] Speculative Store Bypass: Mitigation: Speculative Store Bypass disabled via prctl and seccomp
[    0.173425] Freeing SMP alternatives memory: 36K
[    0.192000] ftrace: allocating 32298 entries in 127 pages
[    0.296048] smpboot: APIC(0) Converting physical 0 to logical package 0
[    0.300023] smpboot: Max logical packages: 1
[    0.304497] x2apic enabled
[    0.308018] Switched APIC routing to physical x2apic.
[    0.313919] ..TIMER: vector=0x30 apic1=0 pin1=2 apic2=-1 pin2=-1
[    0.320000] smpboot: CPU0: AMD A10-9620P RADEON R5, 10 COMPUTE CORES 4C+6G (family: 0x15, model: 0x65, stepping: 0x1)
[    0.329415] Performance Events: Broken PMU hardware detected, using software events only.
[    0.336017] Failed to access perfctr msr (MSR c0010007 is 0)
[    0.357974] KVM setup paravirtual spinlock
[    0.362130] x86: Booting SMP configuration:
[    0.364015] .... node  #0, CPUs:      #1
[    0.012000] kvm-clock: cpu 1, msr 0:3ffe3041, secondary cpu clock
[    0.012000] mce: CPU supports 0 MCE banks
[    0.438631] x86: Booted up 1 node, 2 CPUs
[    0.440016] smpboot: Total of 2 processors activated (9980.14 BogoMIPS)
[    0.444521] devtmpfs: initialized
[    0.455150] evm: security.selinux
[    0.456065] evm: security.SMACK64
[    0.458374] evm: security.SMACK64EXEC
[    0.460020] evm: security.SMACK64TRANSMUTE
[    0.464015] evm: security.SMACK64MMAP
[    0.468014] evm: security.ima
[    0.469007] evm: security.capability
[    0.473938] clocksource: jiffies: mask: 0xffffffff max_cycles: 0xffffffff, max_idle_ns: 7645041785100000 ns
[    0.476117] futex hash table entries: 512 (order: 3, 32768 bytes)
[    0.480358] pinctrl core: initialized pinctrl subsystem
[    0.484799] RTC time: 15:04:14, date: 06/13/19
[    0.488993] NET: Registered protocol family 16
[    0.508025] cpuidle: using governor ladder
[    0.512045] cpuidle: using governor menu
[    0.524047] PCCT header not found.
[    0.532000] ACPI: bus type PCI registered
[    0.536018] acpiphp: ACPI Hot Plug PCI Controller Driver version: 0.5
[    0.544433] PCI: Using configuration type 1 for base access
[    0.556018] PCI: Using configuration type 1 for extended access
[    0.588437] ACPI: Added _OSI(Module Device)
[    0.592024] ACPI: Added _OSI(Processor Device)
[    0.596018] ACPI: Added _OSI(3.0 _SCP Extensions)
[    0.600020] ACPI: Added _OSI(Processor Aggregator Device)
[    0.609332] ACPI: Executed 1 blocks of module-level executable AML code
[    0.626786] ACPI: Interpreter enabled
[    0.628053] ACPI: (supports S0 S5)
[    0.632019] ACPI: Using IOAPIC for interrupt routing
[    0.636562] PCI: Using host bridge windows from ACPI; if necessary, use "pci=nocrs" and report a bug
[    0.661603] ACPI: PCI Root Bridge [PCI0] (domain 0000 [bus 00-ff])
[    0.664042] acpi PNP0A03:00: _OSC: OS supports [ExtendedConfig ASPM ClockPM Segments MSI]
[    0.668632] acpi PNP0A03:00: _OSC: OS now controls [PCIeHotplug PME AER PCIeCapability]
[    0.672777] PCI host bridge to bus 0000:00
[    0.676025] pci_bus 0000:00: root bus resource [io  0x0000-0x0cf7 window]
[    0.680028] pci_bus 0000:00: root bus resource [io  0x0d00-0xffff window]
[    0.684023] pci_bus 0000:00: root bus resource [mem 0x000a0000-0x000bffff window]
[    0.688024] pci_bus 0000:00: root bus resource [mem 0x40000000-0xfdffffff window]
[    0.692027] pci_bus 0000:00: root bus resource [bus 00-ff]
[    0.700779] pci 0000:00:01.1: legacy IDE quirk: reg 0x10: [io  0x01f0-0x01f7]
[    0.704023] pci 0000:00:01.1: legacy IDE quirk: reg 0x14: [io  0x03f6]
[    0.708033] pci 0000:00:01.1: legacy IDE quirk: reg 0x18: [io  0x0170-0x0177]
[    0.712020] pci 0000:00:01.1: legacy IDE quirk: reg 0x1c: [io  0x0376]
[    0.756234] pci 0000:00:07.0: quirk: [io  0x4000-0x403f] claimed by PIIX4 ACPI
[    0.760049] pci 0000:00:07.0: quirk: [io  0x4100-0x410f] claimed by PIIX4 SMB
[    0.785389] ACPI: PCI Interrupt Link [LNKA] (IRQs 5 9 10 *11)
[    0.793416] ACPI: PCI Interrupt Link [LNKB] (IRQs 5 9 *10 11)
[    0.809101] ACPI: PCI Interrupt Link [LNKC] (IRQs 5 *9 10 11)
[    0.820320] ACPI: PCI Interrupt Link [LNKD] (IRQs 5 9 10 *11)
[    0.829352] ACPI: Enabled 2 GPEs in block 00 to 07
[    0.836386] vgaarb: setting as boot device: PCI:0000:00:02.0
[    0.840000] vgaarb: device added: PCI:0000:00:02.0,decodes=io+mem,owns=io+mem,locks=none
[    0.840022] vgaarb: loaded
[    0.844017] vgaarb: bridge control possible 0000:00:02.0
[    0.848891] SCSI subsystem initialized
[    0.852260] ACPI: bus type USB registered
[    0.856118] usbcore: registered new interface driver usbfs
[    0.860125] usbcore: registered new interface driver hub
[    0.864925] usbcore: registered new device driver usb
[    0.875438] PCI: Using ACPI for IRQ routing
[    0.876722] NetLabel: Initializing
[    0.880019] NetLabel:  domain hash size = 128
[    0.888011] NetLabel:  protocols = UNLABELED CIPSOv4
[    0.904055] NetLabel:  unlabeled traffic allowed by default
[    0.912207] amd_nb: Cannot enumerate AMD northbridges
[    0.924043] clocksource: Switched to clocksource kvm-clock
[    0.963210] AppArmor: AppArmor Filesystem Enabled
[    0.967234] pnp: PnP ACPI init
[    0.970607] pnp: PnP ACPI: found 3 devices
[    1.006173] clocksource: acpi_pm: mask: 0xffffff max_cycles: 0xffffff, max_idle_ns: 2085701024 ns
[    1.034593] NET: Registered protocol family 2
[    1.041132] TCP established hash table entries: 8192 (order: 4, 65536 bytes)
[    1.050251] TCP bind hash table entries: 8192 (order: 5, 131072 bytes)
[    1.067979] TCP: Hash tables configured (established 8192 bind 8192)
[    1.078168] UDP hash table entries: 512 (order: 2, 16384 bytes)
[    1.083797] UDP-Lite hash table entries: 512 (order: 2, 16384 bytes)
[    1.089027] NET: Registered protocol family 1
[    1.105500] pci 0000:00:00.0: Limiting direct PCI/PCI transfers
[    1.114885] pci 0000:00:01.0: Activating ISA DMA hang workarounds
[    1.119288] Unpacking initramfs...
[    1.814640] Freeing initrd memory: 15364K
[    1.830213] clocksource: tsc: mask: 0xffffffffffffffff max_cycles: 0x23f6e86c6dd, max_idle_ns: 440795226014 ns
[    1.840117] platform rtc_cmos: registered platform RTC device (no PNP device found)
[    1.855105] Scanning for low memory corruption every 60 seconds
[    1.859035] audit: initializing netlink subsys (disabled)
[    1.865216] audit: type=2000 audit(1560438257.020:1): initialized
[    1.875281] Initialise system trusted keyring
[    1.883850] HugeTLB registered 2 MB page size, pre-allocated 0 pages
[    1.905295] zbud: loaded
[    1.919617] VFS: Disk quotas dquot_6.6.0
[    1.928848] VFS: Dquot-cache hash table entries: 512 (order 0, 4096 bytes)
[    1.932197] squashfs: version 4.0 (2009/01/31) Phillip Lougher
[    1.986170] fuse init (API version 7.23)
[    1.991064] Key type big_key regteed
[  2.099187] Allocating IMA MOK and blacklist keyrings.

[    2.165098] Key type asymmetric registered
[    2.181746] Asymmetric key parser 'x509' registered
[    2.185696] Block layer SCSI generic (bsg) driver version 0.4 loaded (major 249)
[    2.216685] io scheduler noop registered
[    2.239541] io scheduler deadline registered (default)
[    2.259451] io scheduler cfq registered
[    2.280392] pci_hotplug: PCI Hot Plug PCI Core version: 0.5
[    2.289252] pciehp: PCI Express Hot Plug Controller Driver version: 0.4
[    2.299889] ACPI: AC Adapter [AC] (off-line)
[    2.326143] input: Power Button as /devices/LNXSYSTM:00/LNXPWRBN:00/input/input0
[    2.353474] ACPI: Power Button [PWRF]
[    2.360609] input: Sleep Button as /devices/LNXSYSTM:00/LNXSLPBN:00/input/input1
[    2.386997] ACPI: Sleep Button [SLPF]
[    2.393730] GHES: HEST is not enabled!
[    2.395765] Serial: 8250/16550 driver, 32 ports, IRQ sharing enabled
[    2.396861] ACPI: Battery Slot [BAT0] (battery present)
[    2.442955] 00:02: ttyS0 at I/O 0x3f8 (irq = 4, base_baud = 115200) is a 16550A
[    2.478214] Linux agpgart interface v0.103
[    2.495985] loop: module loaded
[    2.499619] scsi host0: ata_piix
[    2.512357] scsi host1: ata_piix
[    2.520017] ata1: PATA max UDMA/33 cmd 0x1f0 ctl 0x3f6 bmdma 0xd000 irq 14
[    2.533422] ata2: PATA max UDMA/33 cmd 0x170 ctl 0x376 bmdma 0xd008 irq 15
[    2.536822] libphy: Fixed MDIO Bus: probed
[    2.547265] tun: Universal TUN/TAP device driver, 1.6
[    2.549079] tun: (C) 1999-2004 Max Krasnyansky <maxk@qualcomm.com>
[    2.551369] PPP generic driver version 2.4.2
[    2.567956] ehci_hcd: USB 2.0 'Enhanced' Host Controller (EHCI) Driver
[    2.571554] ehci-pci: EHCI PCI platform driver
[    2.579074] ehci-platform: EHCI generic platform driver
[    2.580608] ohci_hcd: USB 1.1 'Open' Host Controller (OHCI) Driver
[    2.583768] ohci-pci: OHCI PCI platform driver
[    2.586894] ohci-platform: OHCI generic platform driver
[    2.596675] uhci_hcd: USB Universal Host Controller Interface driver
[    2.598331] i8042: PNP: PS/2 Controller [PNP0303:PS2K,PNP0f03:PS2M] at 0x60,0x64 irq 1,12
[    2.631785] serio: i8042 KBD port at 0x60,0x64 irq 1
[    2.642129] serio: i8042 AUX port at 0x60,0x64 irq 12
[    2.661349] mousedev: PS/2 mouse device common for all mice
[    2.694401] input: AT Translated Set 2 keyboard as /devices/platform/i8042/serio0/input/input2
[    2.700790] rtc_cmos rtc_cmos: rtc core: registered rtc_cmos as rtc0
[    2.701013] rtc_cmos rtc_cmos: alarms up to one day, 114 bytes nvram
[    2.701041] i2c /dev entries driver
[    2.701189] device-mapper: uevent: version 1.0.3
[    2.701343] device-mapper: ioctl: 4.34.0-ioctl (2015-10-28) initialised: dm-devel@redhat.com
[    2.701372] ledtrig-cpu: registered to indicate activity on CPUs
[    2.702113] NET: Registered protocol family 10
[    2.702669] NET: Registered protocol family 17
[    2.702767] Key type dns_resolver registered
[    2.703299] registered taskstats version 1
[    2.703317] Loading compiled-in X.509 certificates
[    2.704452] Loaded X.509 cert 'Build time autogenerated kernel key: a7915d3ef14e82ec7978a6e44664328aa121e7a5'
[    2.704514] zswap: loaded using pool lzo/zbud
[    2.709420] Key type trusted registered
[    2.719319] Key type encrypted registered
[    2.719333] AppArmor: AppArmor sha1 policy hashing enabled
[    2.719340] ima: No TPM chip found, activating TPM-bypass!
[    2.719428] ima: Allocated hash algorithm: sha1
[    2.719476] evm: HMAC attrs: 0x1
[    2.720226]   Magic number: 7:81:83
[    2.722499] rtc_cmos rtc_cmos: setting system clock to 2019-06-13 15:04:16 UTC (1560438256)
[    2.722779] BIOS EDD facility v0.16 2004-Jun-25, 0 devices found
[    2.722780] EDD information not available.
[    2.978408] Freeing unused kernel memory: 1484K
[    3.138587] Write protecting the kernel read-only data: 14336k
[    3.163035] Freeing unused kernel memory: 1616K
[    3.173889] Freeing unused kernel memory: 68K
Loading, please wait...
starting version[    3.218038] random: systemd-udevd: uninitialized urandom read (16 bytes read, 3 bits of entropy available)
 229
[    3.220360] random: udevadm: uninitialized urandom read (16 bytes read, 3 bits of entropy available)
[    3.220451] random: udevadm: uninitialized urandom read (16 bytes read, 3 bits of entropy available)
[    3.237705] random: udevadm: uninitialized urandom read (16 bytes read, 3 bits of entropy available)
[    3.237822] random: udevadm: uninitialized urandom read (16 bytes read, 3 bits of entropy available)
[    3.238084] random: udevadm: uninitialized urandom read (16 bytes read, 3 bits of entropy available)
[    3.238198] random: udevadm: uninitialized urandom read (16 bytes read, 3 bits of entropy available)
[    3.238306] random: udevadm: uninitialized urandom read (16 bytes read, 3 bits of entropy available)
[    3.238425] random: udevadm: uninitialized urandom read (16 bytes read, 3 bits of entropy available)
[    3.238528] random: udevadm: uninitialized urandom read (16 bytes read, 3 bits of entropy available)
[    3.428899] e1000: Intel(R) PRO/1000 Network Driver - version 7.3.21-k8-NAPI
[    3.466556] e1000: Copyright (c) 1999-2006 Intel Corporation.
[    3.542186] Fusion MPT base driver 3.04.20
[    3.550578] Copyright (c) 1999-2008 LSI Corporation
[    3.565979] AVX2 version of gcm_enc/dec engaged.
[    3.570226] AES CTR mode by8 optimization enabled
[    3.607506] Fusion MPT SPI Host driver 3.04.20
[    3.744222] input: ImExPS/2 Generic Explorer Mouse as /devices/platform/i8042/serio1/input/input4
[    3.902659] e1000 0000:00:03.0 eth0: (PCI:33MHz:32-bit) 02:63:27:9f:3f:f3
[    3.916761] e1000 0000:00:03.0 eth0: Intel(R) PRO/1000 Network Connection
[    3.941690] mptbase: ioc0: Initiating bringup
[    3.941835] e1000 0000:00:03.0 enp0s3: renamed from eth0
[    4.029082] ioc0: LSI53C1030 A0: Capabilities={Initiator}
[    5.003627] scsi host2: ioc0: LSI53C1030 A0, FwRev=00000000h, Ports=1, MaxQ=256, IRQ=20
[    5.135475] scsi 2:0:0:0: Direct-Access     VBOX     HARDDISK         1.0  PQ: 0 ANSI: 5
[    5.175862] scsi target2:0:0: Beginning Domain Validation
[    5.202719] scsi target2:0:0: Domain Validation skipping write tests
[    5.211142] scsi target2:0:0: Ending Domain Validation
[    5.232755] scsi target2:0:0: asynchronous
[    5.240110] scsi 2:0:1:0: Direct-Access     VBOX     HARDDISK         1.0  PQ: 0 ANSI: 5
[    5.251277] scsi target2:0:1: Beginning Domain Validation
[    5.302100] scsi target2:0:1: Domain Validation skipping write tests
[    5.362138] scsi target2:0:1: Ending Domain Validation
[    5.369651] scsi target2:0:1: asynchronous
[    5.406796] sd 2:0:0:0: Attached scsi generic sg0 type 0
[    5.438723] sd 2:0:0:0: [sda] 20971520 512-byte logical blocks: (10.7 GB/10.0 GiB)
[    5.449477] sd 2:0:1:0: Attached scsi generic sg1 type 0
[    5.470007] sd 2:0:1:0: [sdb] 20480 512-byte logical blocks: (10.5 MB/10.0 MiB)
[    5.470198] sd 2:0:0:0: [sda] Write Protect is off
[    5.471004] sd 2:0:0:0: [sda] Incomplete mode parameter data
[    5.471008] sd 2:0:0:0: [sda] Assuming drive cache: write through
[    5.475926]  sda: sda1
[    5.485387] sd 2:0:0:0: [sda] Attached SCSI disk
[    5.533478] sd 2:0:1:0: [sdb] Write Protect is off
[    5.550331] sd 2:0:1:0: [sdb] Incomplete mode parameter data
[    5.560983] sd 2:0:1:0: [sdb] Assuming drive cache: write through
[    5.618367] sd 2:0:1:0: [sdb] Attached SCSI disk
Begin: Loading essential drivers[    7.374295] md: linear personality registered for level -1
 ... [    7.411876] md: multipath personality registered for level -4
[    7.449123] md: raid0 personality registered for level 0
[    7.471866] md: raid1 personality registered for level 1
[    7.552080] raid6: sse2x1   gen()  4849 MB/s
[    7.640110] raid6: sse2x1   xor()  3464 MB/s
[    7.728067] raid6: sse2x2   gen()  6024 MB/s
[    7.808150] raid6: sse2x2   xor()  4889 MB/s
[    7.876181] raid6: sse2x4   gen()  7009 MB/s
[    7.956148] raid6: sse2x4   xor()  2677 MB/s
[    8.036863] raid6: avx2x1   gen()  6254 MB/s
[    8.148169] raid6: avx2x2   gen()  6577 MB/s
[    8.224178] raid6: avx2x4   gen()  4310 MB/s
[    8.229136] raid6: using algorithm sse2x4 gen() 7009 MB/s
[    8.241755] raid6: .... xor() 2677 MB/s, rmw enabled
[    8.243043] raid6: using avx2x2 recovery algorithm
[    8.246768] xor: automatically using best checksumming function:
[    8.289760]    avx       :  8471.000 MB/sec
[    8.303739] async_tx: api initialized (async)
[    8.347013] md: raid6 personality registered for level 6
[    8.360851] md: raid5 personality registered for level 5
[    8.380869] md: raid4 personality registered for level 4
[    8.405270] md: raid10 personality registered for level 10
done.
Begin: Running /scripts/init-premount ... done.
Begin: Mounting root file system ... Begin: Running /scripts/local-top ... done.
Begin: Running /scripts/local-premount ... [    8.476369] Btrfs loaded
Scanning for Btrfs filesystems
done.
Warning: fsck not present, so sk[    8.598504] EXT4-fs (sda1): INFO: recovery required on readonly filesystem
ipping root file system
[    8.611416] EXT4-fs (sda1): write access will be enabled during recovery
[    8.850236] EXT4-fs (sda1): orphan cleanup on readonly fs
[    8.934472] EXT4-fs (sda1): 6 orphan inodes deleted
[    8.960451] EXT4-fs (sda1): recovery complete
[    8.969316] EXT4-fs (sda1): mounted filesystem with ordered data mode. Opts: (null)
done.
Begin: Running /scripts/local-bottom ... done.
Begin: Running /scripts/init-bottom ... done.
[    9.651125] random: nonblocking pool is initialized
[   10.372916] systemd[1]: systemd 229 running in system mode. (+PAM +AUDIT +SELINUX +IMA +APPARMOR +SMACK +SYSVINIT +UTMP +LIBCRYPTSETUP +GCRYPT +GNUTLS +ACL +XZ -LZ4 +SECCOMP +BLKID +ELFUTILS +KMOD -IDN)
[   10.400880] systemd[1]: Detected virtualization oracle.
[   10.411874] systemd[1]: Detected architecture x86-64.

Welcome to [1mUbuntu 16.04.6 LTS[0m!

[  185609] systemd[1]: Set hostname to <guastaporApi>.
[  14.116736] systemd[1]: Listening oLVM2 mtadata daemon socket.
[[0;32m  OK  [0m] Listening on LVM2 metadata daemon socket.
[   14.578199]systemd[1]: Reached target User and Group Name Lookups.

[[0;32m  OK  [0m] Reached target User and Group Name Lookups.
[   14.620391] systemd[1]: Reached target Encrypted Volumes.
[[0;32m  OK  [0m] Reached target Encrypted Volumes.
[   14.658806] systemd[1]: Listening on udev Control Socket.
[[0;32m  OK  [0m] Listening on udev Control Socket.
[   14.669963] systemd[1]: Listening on Journal Audit Socket.
[[0;32m  OK  [0m] Listening on Journal Audit Socket.
[   14.700488] systemd[1]: Reachedarget System Time Synchronize
[[0;32m  OK  [0m] Reached target System Time Synchronized.
[   15.008853] systemd[1] Listening onysg Soke

[[0;32m  OK  [0m] Listening on Syslog Socket.
[   15.248740] systemd[1]: Created slice System Slice.
[[0;32m  OK  [0m] Created slice System Slice.
[   15.266783] systemd[1]: Created slice system-postgresql.slice.
[[0;32m  OK  [0m] Created slice system-postgresql.slice.
[  15.296548] systemd[1]: Listening on LVM2 poll daemon socket.
[[0;32m  OK  [0m] Listening on LVM2 poll daemon socket.
[  6.647]ystemd[1]: Created slice User and Seio Slice.
[[0;32m  OK  [0m] Created slice User and Session Slice.
[   16.441893] systemd[1]: Reached target Slices.
[[0;32m  OK  [0m] Reached target Slices.
[   16.449007] systemd[1]: Listening on /dev/initctl Compatibility Named Pipe.
[[0;32m  OK  [0m] Listening on /dev/initctl Compatibility Named Pipe.
[  16.484112] systemd[1]: Started Forward Password Reqsts to Wall Directory Wtc
[[0;32m  OK  [0m] Started Forward Password Requests to Wall Directory Watch.
[  1.8856] systemd[1]: Reached target Swap.
[[0;32m  OK  [0m] Reached target Swap.
[   16.997780] systemd[1]: Listening on Journal Socket.
[[0;32m  OK  [0m] Listening on Journal Socket.
[   17.016450] systemd[1]: Mounting Debug File System...
         Mounting Debug File System...
[   17.064493] systemd[1]: Starting Nameserver information manager...
         Starting Nameserver information manager...
[   17.087188] systemd[1]: Starting Remount Root and Kernel File Systems...
         Starting Remount Root and Kernel File Systems...
[   17.129611] systemd[1]: Mounting Huge Pages File System...
         Mounting Huge Pages File System...
[   17.224497] systemd[1]: Starting Load Kernel Modules...
[   17.270055] EXT4-fs (sda1): re-mounted. Opts: (null)
         Starting Load Kernel Modules...
[   17.353441] systemd[1]: Mounting POSIX Message Queue File System...
[   17.395246] Loading iSCSI transport class v2.0-870.
         Mounting POSIX Message Queue File System...
[   17.416653] systemd[1]: Starting Uncomplicated firewall...
         Starting Uncomplicated firewall...
[   17.439910] systemd[1]: Listening on Device-mapper event daemon FIFOs.
[[0;32m  OK  [0m] Listening on Device-mapper event daemon FIFOs.
[   17.469665] systemd[1]: Set up automount Arbitrary Executable File Formats File System Automount Point.
[[0;32m  OK  [0m] Set up automount Arbitrary Executab...ats File System Automount Point.
[   17.516077] iscsi: registered transport (tcp)
[   17.564588] systemd[1]: Starting Monitoring of LVM2 mirrors, snapshots etc. using dmeventd or progress polling...
         Starting Monitoring of LVM2 mirrors... dmeventd or progress polling...
[   17.614720] systemd[1]: Listening on udev Kernel Socket.
[[0;32m  OK  [0m] Listening on udev Kernel Socket.
[   17.664665] systemd[1]: Starting Create list of required static device nodes for the current kernel...
         Starting Create list of required st... nodes for the current kernel...
[   17.694678] systemd[1]: Created slice system-seia\xgetyslce.

[[0;32m  OK  [0m] Created slice system-serial\x2dgetty.slice.
[   17.949832] systemd[1]: Starting Set console keymap...
         Starting Set console keymap...
[   18.012746] systemd[1]: Started Trigger resolvconf update for networkd DNS.
[[0;32m  OK  [0m] Started Trigger resolvconf update for networkd DNS.
[   18.024250] systemd[1]: Listening on Journal Socket (/dev/log).
[[0;32m  OK  [0m] Listening on Jou[   18.044900] iscsi: registered transport (iser)
rnal Socket (/dev/log).
[   18.118156] systemd[1]: Starting Journal Service...
         Starting Journal Service...
[   18.136569] systemd[1]: Mounted Debug File System.
[[0;32m  OK  [0m] Mounted Debug File System.
[   18.151679] systemd[1]: Mounted POSIX Message Queue File System.
[[0;32m  OK  [0m] Mounted POSIX Message Queue File System.
[   18.164598] systemd[1]: Mounted Huge Pages File System.
[[0;32m  OK  [0m] Mounted Huge Pages File System.
[   18.206513] systemd[1]: Started Remount Root and Kernel File Systems.
[[0;32m  OK  [0m] Started Remount Root and Kernel File Systems.
[   18.244448] systemd[1]: Started Load Kernel Modules.
[[0;32m  OK  [0m] Started Load Kernel Modules.
[   18.279408] systemd[1]: Started Uncomplicated firewall.
[[0;32m  OK  [0m] Started Uncomplicated firewall.
[   18.315723] systemd[1]: Started Create list of required static device nodes for the current kernel.
[[0;32m  OK  [0m] Started Create list of required sta...ce nodes for the current kernel.
[   18.354017] systemd[1]: Started Set console keymap.
[[0;32m  OK  [0m] Started Set console keymap.
[   18.390867] systemd[1]: Started Nameserver information manager.
[[0;32m  OK  [0m] Started Nameserver information manager.
[   18.411146] systemd[1]: Started Journal Service.
[[0;32m  OK  [0m] Started Journal Service.
[[0;32m  OK  [0m] Started LVM2 metadata daemon.
         Starting Create Static Device Nodes in /dev...
         Starting Apply Kernel Variables...
         Mounting FUSE Control File System...
         Starting udev Coldplug all Devices...
         Starting Flush Journal to Persistent Storage...
         Starting Load/Save Random Seed...
[[0;32m  OK  [0m] Mounted FUSE Control File System.
[[0;32m  OK  [0m] Started Load/Save Random Seed.
[   18.884905] systemd-journald[421]: Received request to flush runtime journal from PID 1
[[0;32m  OK  [0m] Started Apply Kernel Variables.
[[0;32m  OK  [0m] Started udev Coldplug all Devices.
[[0;32m  OK  [0m] Started Flush Journal to Persistent Storage.
[[0;32m  OK  [0m] Started Monitoring of LVM2 mirrors,...ng dmeventd or progress polling.
[[0;32m  OK  [0m] Started Create Static Device Nodes in /dev.
         Starting udev Kernel Device Manager...
[[0;32m  OK  [0m] Reached target Local File Systems (Pre).
[[0;32m  OK  [0m] Reached target Local File Systems.
         Starting Initial cloud-init job (pre-networking)...
         Starting Create Volatile Files and Directories...
         Starting Tell Plymouth To Write Out Runtime Data...
         Starting LSB: AppArmor initialization...
         Starting Set console font and keymap...
[[0;32m  OK  [0m] Started Tell Plymouth To Write Out Runtime Data.
[[0;32m  OK  [0m] Started Create Volatile Files and Directories.
         Starting Update UTMP about System Boot/Shutdown...
[[0;32m  OK  [0m] Started Update UTMP about System Boot/Shutdown.
[[0;32m  OK  [0m] Started udev Kernel Device Manager.
[[0;32m  OK  [0m] Started Dispatch Password Requests to Console Directory Watch.
[[0;32m  OK  [0m] Started Set console font and keymap.
[[0;32m  OK  [0m] Found device /dev/ttyS0.
[[0;32m  OK  [0m] Created slice system-getty.slice.
[[0;32m  OK  [0m] Listening on Load/Save RF Kill Switch Status /dev/rfkill Watch.
[[0;32m  OK  [0m] Started LSB: AppArmor initialization.
[[0;32m  OK  [0m] Found device 82540EM Gigabit Ethern...r (PRO/1000 MT Desktop Adapter).
[   28.924590] cloud-init[481]: Cloud-init v. 18.5-45-g3554ffe8-0ubuntu1~16.04.1 running 'init-local' at Thu, 13 Jun 2019 15:04:41 +0000. Up 27.43 seconds.
[[0;32m  OK  [0m] Started Initial cloud-init job (pre-networking).
[[0;32m  OK  [0m] Reached target Network (Pre).
         Starting Raise network interfaces...
[[0;32m  OK  [0m] Started ifup for enp0s3.
[[0;32m  OK  [0m] Started Raise network interfaces.
[[0;32m  OK  [0m] Reached target Network.
         Starting Initial cloud-init job (metadata service crawler)...
[   32.134199] cloud-init[982]: Cloud-init v. 18.5-45-g3554ffe8-0ubuntu1~16.04.1 running 'init' at Thu, 13 Jun 2019 15:04:44 +0000. Up 31.13 seconds.
[   32.276711] cloud-init[982]: ci-info: ++++++++++++++++++++++++++++++++++++++Net device info++++++++++++++++++++++++++++++++++++++
[[0;32m  OK  [0m] Started Initial cloud-init job (metadata service crawler).
[   32.350671] cloud-init[982]: ci-info: +--------+------+----------------------------+---------------+--------+-------------------+
[   32.379247] cloud-init[982]: ci-info: | Device |  Up  |          Address           |      Mask     | Scope  |     Hw-Address    |
[   32.379639] cloud-init[982]: ci-info: +--------+------+----------------------------+---------------+--------+-------------------+
[[0;32m  OK  [0m] Reached target Network is Online.
[   32.381640] cloud-init[982]: ci-info: | enp0s3 | True |         10.0.2.15          | 255.255.255.0 | global | 02:63:27:9f:3f:f3 |
[   32.438943]          cloud-initStarting iSCSI initiator daemon (iscsid)...[982]: 
ci-info: | enp0s3 | True | fe80::63:27ff:fe9f:3ff3/64 |       .       |  link  | 02:63:27:9f:3f:f3 |
[   32.492668] [cloud-init[0;32m  OK  [0m[982]: ] ci-info: |   lo   | True |         127.0.0.1          |   255.0.0.0   |  host  |         .         |Reached target System Initialization.

[   32.493487]          Starting Socket activation for snappy daemon.
cloud-init[982]: ci-info: |   lo   | True |          ::1/128           |       .       |  host  |         .         |
[   32.640562]          cloud-initStarting LXD - unix socket.[982]: 
ci-info: +--------+------+----------------------------+---------------+--------+-------------------+
[   32.641373] cloud-init[982]: ci-info: +++++++++++++++++++++++++++Route IPv4 info++++++++++++++++++++++++++++
[[0;32m  OK  [0m] Started Daily Cleanup of Temporary Directories.
[   32.860867] cloud-init[982]: ci-info: +-------+-------------+----------+---------------+-----------+-------+
[[0;32m  OK  [0m] Started ACPI Events Check.
[[   33.212540] cloud-init[982]: ci-info: | Route | Destination | Gateway  |    Genmask    | Interface | Flags |
[0;32m  OK  [0m] Reached target Paths.
[[   33.293512] cloud-init[982]: ci-info: +-------+-------------+----------+---------------+-----------+-------+
[0;32m  OK  [0m] Listening on ACPID Listen Socket.
[[0;32m  OK  [0m] Listening on UUID daemon activation socket.
[   33.415021] cloud-init[982]: ci-info: |   0   |   0.0.0.0   | 10.0.2.2 |    0.0.0.0    |   enp0s3  |   UG  |
[   33.836720] cloud-init[982]: ci-info: |   1   |   10.0.2.0  | 0.0.0.0  | 255.255.255.0 |   enp0s3  |   U   |
[[   33.837245] [0;32m  OK  [0mcloud-init] [982]: Started Daily apt download activities.ci-info: +-------+-------------+----------+---------------+-----------+-------+

[   33.837371] cloud-init[982]: ci-info: +++++++++++++++++++Route IPv6 info+++++++++++++++++++
[   34.165943] cloud-init[982]: ci-info: +-------+-------------+---------+-----------+-------+
[   34.167529] cloud-init[982]: ci-info: | Route | Destination | Gateway | Interface | Flags |
[   34.167674] cloud-init[982]: ci-info: +-------+-------------+---------+-----------+-------+
[   34.167811] cloud-init[982]: ci-info: |   0   |  fe80::/64  |    ::   |   enp0s3  |   U   |
[   34.167926] cloud-init[982]: ci-info: |   3   |   ff00::/8  |    ::   |   enp0s3  |   U   |
[   34.168267] cloud-init[982]: ci-info: +-------+-------------+---------+-----------+-------+
[[0;32m  OK  [0m] Started Daily apt upgrade and clean activities.
[[0;32m  OK  [0m] Reached target Timers.
[[0;32m  OK  [0m] Listening on D-Bus System Message Bus Socket.
[[0;32m  OK  [0m] Reached target Cloud-config availability.
[[0;32m  OK  [0m] Listening on Socket activation for snappy daemon.
[[0;32m  OK  [0m] Listening on LXD - unix socket.
[[0;32m  OK  [0m] Started iSCSI initiator daemon (iscsid).
         Starting Login to default iSCSI targets...
[[0;32m  OK  [0m] Reached target Sockets.
[[0;32m  OK  [0m] Reached target Basic System.
         Starting Virtualbox guest utils...
[[0;32m  OK  [0m] Started Unattended Upgrades Shutdown.
         Starting PostgreSQL Cluster 9.5-main...
         Starting Login Service...
[[0;32m  OK  [0m] Started Regular background program processing daemon.
         Starting LSB: MD monitoring daemon...
         Starting System Logging Service...
         Starting LSB: Record successful boot for GRUB...
[[0;32m  OK  [0m] Started D-Bus System Message Bus.
         Starting /etc/rc.local Compatibility...
         Starting OpenBSD Secure Shell server...
         Starting LXD - container startup/shutdown...
[[0;32m  OK  [0m] Started FUSE filesystem for LXC.
[[0;32m  OK  [0m] Started ACPI event daemon.
[[0;32m  OK  [0m] Started Deferred execution scheduler.
         Starting Accounts Service...
         Starting Snappy daemon...
[[0;32m  OK  [0m] Started System Logging Service.
[[0;32m  OK  [0m] Started /etc/rc.local Compatibility.
[[0;32m  OK  [0m] Started Login Service.
[[0;32m  OK  [0m] Started LSB: Record successful boot for GRUB.
[[0;32m  OK  [0m] Started Login to default iSCSI targets.
[[0;32m  OK  [0m] Started LSB: MD monitoring daemon.
[[0;32m  OK  [0m] Reached target Remote File Systems (Pre).
[[0;32m  OK  [0m] Reached target Remote File Systems.
         Starting LSB: automatic crash report generation...
         Starting Permit User Sessions...
         Starting LSB: daemon to balance interrupts for SMP systems...
         Starting LSB: Start/stop sysstat's sadc...
         Starting LSB: Set the CPU Frequency Scaling governor to "ondemand"...
[[0;32m  OK  [0m] Started Permit User Sessions.
         Starting Hold until boot process finishes up...
         Starting Terminate Plymouth Boot Screen...
[[0;32m  OK  [0m] Started LSB: Start/stop sysstat's sadc.
[[0;32m  OK  [0m] Started Hold until boot process finishes up.
[[0;32m  OK  [0m] Started LSB: Set the CPU Frequency Scaling governor to "ondemand".
[[0;32m  OK  [0m] Started Terminate Plymouth Boot Screen.
[[0;32m  OK  [0m] Started Serial Getty on ttyS0.
[[0;32m  OK  [0m] Started Getty on tty1.
[[0;32m  OK  [0m] Reached target Login Prompts.
         Starting Set console scheme...
[[0;32m  OK  [0m] Started LSB: daemon to balance interrupts for SMP systems.
[[0;32m  OK  [0m] Started Set console scheme.
[[0;32m  OK  [0m] Started LSB: automatic crash report generation.
[[0;32m  OK  [0m] Started OpenBSD Secure Shell server.
[[0;32m  OK  [0m] Started Virtualbox guest utils.
         Starting Authenticate and Authorize Users to Run Privileged Tasks...
[[0;32m  OK  [0m] Started Authenticate and Authorize Users to Run Privileged Tasks.
[[0;32m  OK  [0m] Started Accounts Service.
[[0;32m  OK  [0m] Created slice User Slice of vagrant.
         Starting User Manager for UID 1000...
[[0;32m  OK  [0m] Started Session 1 of user vagrant.
[[0;32m  OK  [0m] Started User Manager for UID 1000.
[[0;32m  OK  [0m] Started LXD - container startup/shutdown.
[[0;32m  OK  [0m] Started Snappy daemon.

Ubuntu 16.04.6 LTS guarastaporApi ttyS0

guarastaporApi login: [   46.540296] cloud-init[1326]: Cloud-init v. 18.5-45-g3554ffe8-0ubuntu1~16.04.1 running 'modules:config' at Thu, 13 Jun 2019 15:04:59 +0000. Up 45.96 seconds.
[   48.971946] cloud-init[1430]: Cloud-init v. 18.5-45-g3554ffe8-0ubuntu1~16.04.1 running 'modules:final' at Thu, 13 Jun 2019 15:05:02 +0000. Up 48.41 seconds.
[   48.974492] cloud-init[1430]: Cloud-init v. 18.5-45-g3554ffe8-0ubuntu1~16.04.1 finished at Thu, 13 Jun 2019 15:05:02 +0000. Datasource DataSourceNoCloud [seed=/dev/sdb][dsmode=net].  Up 48.95 seconds
